Archive member included to satisfy reference by file (symbol)

C:/Users/mirac/.pico-sdk/toolchain/15_2_Rel1/bin/../lib/gcc/arm-none-eabi/15.2.1/thumb/v6-m/nofp\libgcc.a(_dvmd_tls.o)
                              CMakeFiles/drybox_firmware.dir/C_/Users/mirac/.pico-sdk/sdk/2.3.1/src/rp2_common/pico_divider/divider_hardware.S.obj (__aeabi_idiv0)
C:/Users/mirac/.pico-sdk/toolchain/15_2_Rel1/bin/../lib/gcc/arm-none-eabi/15.2.1/../../../../arm-none-eabi/lib/thumb/v6-m/nofp\libg.a(libc_a-atoi.o)
                              CMakeFiles/drybox_firmware.dir/C_/Users/mirac/.pico-sdk/sdk/2.3.1/lib/lwip/src/core/netif.c.obj (atoi)
C:/Users/mirac/.pico-sdk/toolchain/15_2_Rel1/bin/../lib/gcc/arm-none-eabi/15.2.1/../../../../arm-none-eabi/lib/thumb/v6-m/nofp\libg.a(libc_a-calloc.o)
                              CMakeFiles/drybox_firmware.dir/C_/Users/mirac/.pico-sdk/sdk/2.3.1/src/rp2_common/pico_malloc/malloc.c.obj (calloc)
C:/Users/mirac/.pico-sdk/toolchain/15_2_Rel1/bin/../lib/gcc/arm-none-eabi/15.2.1/../../../../arm-none-eabi/lib/thumb/v6-m/nofp\libg.a(libc_a-callocr.o)
                              C:/Users/mirac/.pico-sdk/toolchain/15_2_Rel1/bin/../lib/gcc/arm-none-eabi/15.2.1/../../../../arm-none-eabi/lib/thumb/v6-m/nofp\libg.a(libc_a-calloc.o) (_calloc_r)
C:/Users/mirac/.pico-sdk/toolchain/15_2_Rel1/bin/../lib/gcc/arm-none-eabi/15.2.1/../../../../arm-none-eabi/lib/thumb/v6-m/nofp\libg.a(libc_a-malloc.o)
                              CMakeFiles/drybox_firmware.dir/C_/Users/mirac/.pico-sdk/sdk/2.3.1/src/rp2_common/pico_malloc/malloc.c.obj (malloc)
C:/Users/mirac/.pico-sdk/toolchain/15_2_Rel1/bin/../lib/gcc/arm-none-eabi/15.2.1/../../../../arm-none-eabi/lib/thumb/v6-m/nofp\libg.a(libc_a-mallocr.o)
                              C:/Users/mirac/.pico-sdk/toolchain/15_2_Rel1/bin/../lib/gcc/arm-none-eabi/15.2.1/../../../../arm-none-eabi/lib/thumb/v6-m/nofp\libg.a(libc_a-callocr.o) (_malloc_r)
C:/Users/mirac/.pico-sdk/toolchain/15_2_Rel1/bin/../lib/gcc/arm-none-eabi/15.2.1/../../../../arm-none-eabi/lib/thumb/v6-m/nofp\libg.a(libc_a-mlock.o)
                              C:/Users/mirac/.pico-sdk/toolchain/15_2_Rel1/bin/../lib/gcc/arm-none-eabi/15.2.1/../../../../arm-none-eabi/lib/thumb/v6-m/nofp\libg.a(libc_a-mallocr.o) (__malloc_lock)
C:/Users/mirac/.pico-sdk/toolchain/15_2_Rel1/bin/../lib/gcc/arm-none-eabi/15.2.1/../../../../arm-none-eabi/lib/thumb/v6-m/nofp\libg.a(libc_a-realloc.o)
                              CMakeFiles/drybox_firmware.dir/C_/Users/mirac/.pico-sdk/sdk/2.3.1/src/rp2_common/pico_malloc/malloc.c.obj (realloc)
C:/Users/mirac/.pico-sdk/toolchain/15_2_Rel1/bin/../lib/gcc/arm-none-eabi/15.2.1/../../../../arm-none-eabi/lib/thumb/v6-m/nofp\libg.a(libc_a-reallocr.o)
                              C:/Users/mirac/.pico-sdk/toolchain/15_2_Rel1/bin/../lib/gcc/arm-none-eabi/15.2.1/../../../../arm-none-eabi/lib/thumb/v6-m/nofp\libg.a(libc_a-realloc.o) (_realloc_r)
C:/Users/mirac/.pico-sdk/toolchain/15_2_Rel1/bin/../lib/gcc/arm-none-eabi/15.2.1/../../../../arm-none-eabi/lib/thumb/v6-m/nofp\libg.a(libc_a-strtol.o)
                              C:/Users/mirac/.pico-sdk/toolchain/15_2_Rel1/bin/../lib/gcc/arm-none-eabi/15.2.1/../../../../arm-none-eabi/lib/thumb/v6-m/nofp\libg.a(libc_a-atoi.o) (_strtol_r)
C:/Users/mirac/.pico-sdk/toolchain/15_2_Rel1/bin/../lib/gcc/arm-none-eabi/15.2.1/../../../../arm-none-eabi/lib/thumb/v6-m/nofp\libg.a(libc_a-ctype_.o)
                              CMakeFiles/drybox_firmware.dir/C_/Users/mirac/.pico-sdk/sdk/2.3.1/lib/lwip/src/core/dns.c.obj (_ctype_)
C:/Users/mirac/.pico-sdk/toolchain/15_2_Rel1/bin/../lib/gcc/arm-none-eabi/15.2.1/../../../../arm-none-eabi/lib/thumb/v6-m/nofp\libg.a(libc_a-sscanf.o)
                              CMakeFiles/drybox_firmware.dir/main.c.obj (sscanf)
C:/Users/mirac/.pico-sdk/toolchain/15_2_Rel1/bin/../lib/gcc/arm-none-eabi/15.2.1/../../../../arm-none-eabi/lib/thumb/v6-m/nofp\libg.a(libc_a-stdio.o)
                              C:/Users/mirac/.pico-sdk/toolchain/15_2_Rel1/bin/../lib/gcc/arm-none-eabi/15.2.1/../../../../arm-none-eabi/lib/thumb/v6-m/nofp\libg.a(libc_a-sscanf.o) (__seofread)
C:/Users/mirac/.pico-sdk/toolchain/15_2_Rel1/bin/../lib/gcc/arm-none-eabi/15.2.1/../../../../arm-none-eabi/lib/thumb/v6-m/nofp\libg.a(libc_a-memcmp.o)
                              CMakeFiles/drybox_firmware.dir/C_/Users/mirac/.pico-sdk/sdk/2.3.1/src/rp2_common/pico_atomic/atomic.c.obj (memcmp)
C:/Users/mirac/.pico-sdk/toolchain/15_2_Rel1/bin/../lib/gcc/arm-none-eabi/15.2.1/../../../../arm-none-eabi/lib/thumb/v6-m/nofp\libg.a(libc_a-memmove.o)
                              CMakeFiles/drybox_firmware.dir/C_/Users/mirac/.pico-sdk/sdk/2.3.1/lib/lwip/src/core/def.c.obj (memmove)
C:/Users/mirac/.pico-sdk/toolchain/15_2_Rel1/bin/../lib/gcc/arm-none-eabi/15.2.1/../../../../arm-none-eabi/lib/thumb/v6-m/nofp\libg.a(libc_a-strncmp.o)
                              CMakeFiles/drybox_firmware.dir/C_/Users/mirac/.pico-sdk/sdk/2.3.1/lib/lwip/src/core/def.c.obj (strncmp)
[...]
Memory Configuration

Name             Origin             Length             Attributes
FLASH            0x10000000         0x00200000         xr
XIP_RAM          0x15000000         0x00004000         xrw
RAM              0x20000000         0x00040000         xrw
SCRATCH_X        0x20040000         0x00001000         xrw
SCRATCH_Y        0x20041000         0x00001000         xrw
*default*        0x00000000         0xffffffff

Linker script and memory map

                0x20000000                        RAM_ORIGIN_DEFAULT = 0x20000000
                0x00040000                        RAM_LENGTH_DEFAULT = 0x40000
                0x20040000                        SCRATCH_X_ORIGIN_DEFAULT = 0x20040000
                0x00001000                        SCRATCH_X_LENGTH_DEFAULT = 0x1000
                0x20041000                        SCRATCH_Y_ORIGIN_DEFAULT = 0x20041000
                0x00001000                        SCRATCH_Y_LENGTH_DEFAULT = 0x1000
                0x15000000                        XIP_RAM_ORIGIN_DEFAULT = 0x15000000
                0x00004000                        XIP_RAM_LENGTH_DEFAULT = 0x4000
LOAD CMakeFiles/drybox_firmware.dir/main.c.obj
LOAD CMakeFiles/drybox_firmware.dir/C_/Users/mirac/.pico-sdk/sdk/2.3.1/src/rp2_common/pico_stdlib/stdlib.c.obj
LOAD CMakeFiles/drybox_firmware.dir/C_/Users/mirac/.pico-sdk/sdk/2.3.1/src/rp2_common/hardware_gpio/gpio.c.obj
LOAD CMakeFiles/drybox_firmware.dir/C_/Users/mirac/.pico-sdk/sdk/2.3.1/src/rp2040/pico_platform/platform.c.obj
LOAD CMakeFiles/drybox_firmware.dir/C_/Users/mirac/.pico-sdk/sdk/2.3.1/src/rp2_common/pico_platform_common/common.c.obj
LOAD CMakeFiles/drybox_firmware.dir/C_/Users/mirac/.pico-sdk/sdk/2.3.1/src/rp2_common/pico_platform_panic/panic.c.obj
LOAD CMakeFiles/drybox_firmware.dir/C_/Users/mirac/.pico-sdk/sdk/2.3.1/src/rp2_common/pico_platform_panic/custom_panic_function.S.obj
LOAD CMakeFiles/drybox_firmware.dir/C_/Users/mirac/.pico-sdk/sdk/2.3.1/src/common/hardware_claim/claim.c.obj
LOAD CMakeFiles/drybox_firmware.dir/C_/Users/mirac/.pico-sdk/sdk/2.3.1/src/rp2_common/hardware_sync/sync.c.obj
LOAD CMakeFiles/drybox_firmware.dir/C_/Users/mirac/.pico-sdk/sdk/2.3.1/src/rp2_common/hardware_sync_spin_lock/sync_spin_lock.c.obj
LOAD CMakeFiles/drybox_firmware.dir/C_/Users/mirac/.pico-sdk/sdk/2.3.1/src/rp2_common/hardware_irq/irq.c.obj
LOAD CMakeFiles/drybox_firmware.dir/C_/Users/mirac/.pico-sdk/sdk/2.3.1/src/rp2_common/hardware_irq/irq_handler_chain.S.obj
LOAD CMakeFiles/drybox_firmware.dir/C_/Users/mirac/.pico-sdk/sdk/2.3.1/src/common/pico_sync/sem.c.obj
LOAD CMakeFiles/drybox_firmware.dir/C_/Users/mirac/.pico-sdk/sdk/2.3.1/src/common/pico_sync/lock_core.c.obj
LOAD CMakeFiles/drybox_firmware.dir/C_/Users/mirac/.pico-sdk/sdk/2.3.1/src/common/pico_sync/mutex.c.obj
LOAD CMakeFiles/drybox_firmware.dir/C_/Users/mirac/.pico-sdk/sdk/2.3.1/src/common/pico_sync/critical_section.c.obj
LOAD CMakeFiles/drybox_firmware.dir/C_/Users/mirac/.pico-sdk/sdk/2.3.1/src/common/pico_time/time.c.obj
LOAD CMakeFiles/drybox_firmware.dir/C_/Users/mirac/.pico-sdk/sdk/2.3.1/src/common/pico_time/timeout_helper.c.obj
LOAD CMakeFiles/drybox_firmware.dir/C_/Users/mirac/.pico-sdk/sdk/2.3.1/src/rp2_common/hardware_timer/timer.c.obj
LOAD CMakeFiles/drybox_firmware.dir/C_/Users/mirac/.pico-sdk/sdk/2.3.1/src/common/pico_util/datetime.c.obj
LOAD CMakeFiles/drybox_firmware.dir/C_/Users/mirac/.pico-sdk/sdk/2.3.1/src/common/pico_util/fixed_bitset.c.obj
LOAD CMakeFiles/drybox_firmware.dir/C_/Users/mirac/.pico-sdk/sdk/2.3.1/src/common/pico_util/pheap.c.obj
LOAD CMakeFiles/drybox_firmware.dir/C_/Users/mirac/.pico-sdk/sdk/2.3.1/src/common/pico_util/queue.c.obj
LOAD CMakeFiles/drybox_firmware.dir/C_/Users/mirac/.pico-sdk/sdk/2.3.1/src/rp2_common/hardware_uart/uart.c.obj
LOAD CMakeFiles/drybox_firmware.dir/C_/Users/mirac/.pico-sdk/sdk/2.3.1/src/rp2_common/hardware_clocks/clocks.c.obj
LOAD CMakeFiles/drybox_firmware.dir/C_/Users/mirac/.pico-sdk/sdk/2.3.1/src/rp2_common/hardware_pll/pll.c.obj
LOAD CMakeFiles/drybox_firmware.dir/C_/Users/mirac/.pico-sdk/sdk/2.3.1/src/rp2_common/hardware_vreg/vreg.c.obj
LOAD CMakeFiles/drybox_firmware.dir/C_/Users/mirac/.pico-sdk/sdk/2.3.1/src/rp2_common/hardware_watchdog/watchdog.c.obj
LOAD CMakeFiles/drybox_firmware.dir/C_/Users/mirac/.pico-sdk/sdk/2.3.1/src/rp2_common/hardware_ticks/ticks.c.obj
LOAD CMakeFiles/drybox_firmware.dir/C_/Users/mirac/.pico-sdk/sdk/2.3.1/src/rp2_common/pico_bootrom/bootrom.c.obj
LOAD CMakeFiles/drybox_firmware.dir/C_/Users/mirac/.pico-sdk/sdk/2.3.1/src/rp2_common/pico_bootrom/bootrom_lock.c.obj
LOAD CMakeFiles/drybox_firmware.dir/C_/Users/mirac/.pico-sdk/sdk/2.3.1/src/rp2_common/hardware_boot_lock/boot_lock.c.obj
LOAD CMakeFiles/drybox_firmware.dir/C_/Users/mirac/.pico-sdk/sdk/2.3.1/src/rp2_common/pico_flash/flash.c.obj
LOAD CMakeFiles/drybox_firmware.dir/C_/Users/mirac/.pico-sdk/sdk/2.3.1/src/rp2_common/hardware_xosc/xosc.c.obj
LOAD CMakeFiles/drybox_firmware.dir/C_/Users/mirac/.pico-sdk/sdk/2.3.1/src/rp2_common/hardware_divider/divider.S.obj
LOAD CMakeFiles/drybox_firmware.dir/C_/Users/mirac/.pico-sdk/sdk/2.3.1/src/rp2_common/pico_runtime/runtime.c.obj
LOAD CMakeFiles/drybox_firmware.dir/C_/Users/mirac/.pico-sdk/sdk/2.3.1/src/rp2_common/pico_runtime_init/runtime_init.c.obj
LOAD CMakeFiles/drybox_firmware.dir/C_/Users/mirac/.pico-sdk/sdk/2.3.1/src/rp2_common/pico_runtime_init/runtime_init_clocks.c.obj
LOAD CMakeFiles/drybox_firmware.dir/C_/Users/mirac/.pico-sdk/sdk/2.3.1/src/rp2_common/pico_runtime_init/runtime_init_stack_guard.c.obj
LOAD CMakeFiles/drybox_firmware.dir/C_/Users/mirac/.pico-sdk/sdk/2.3.1/src/rp2_common/hardware_rtc/rtc.c.obj
LOAD CMakeFiles/drybox_firmware.dir/C_/Users/mirac/.pico-sdk/sdk/2.3.1/src/rp2_common/pico_bit_ops/bit_ops_aeabi.S.obj
LOAD CMakeFiles/drybox_firmware.dir/C_/Users/mirac/.pico-sdk/sdk/2.3.1/src/rp2_common/pico_divider/divider_hardware.S.obj
LOAD CMakeFiles/drybox_firmware.dir/C_/Users/mirac/.pico-sdk/sdk/2.3.1/src/rp2_common/pico_double/double_aeabi_rp2040.S.obj
LOAD CMakeFiles/drybox_firmware.dir/C_/Users/mirac/.pico-sdk/sdk/2.3.1/src/rp2_common/pico_double/double_init_rom_rp2040.c.obj
LOAD CMakeFiles/drybox_firmware.dir/C_/Users/mirac/.pico-sdk/sdk/2.3.1/src/rp2_common/pico_double/double_math.c.obj
LOAD CMakeFiles/drybox_firmware.dir/C_/Users/mirac/.pico-sdk/sdk/2.3.1/src/rp2_common/pico_double/double_v1_rom_shim_rp2040.S.obj
LOAD CMakeFiles/drybox_firmware.dir/C_/Users/mirac/.pico-sdk/sdk/2.3.1/src/rp2_common/pico_int64_ops/pico_int64_ops_aeabi.S.obj
LOAD CMakeFiles/drybox_firmware.dir/C_/Users/mirac/.pico-sdk/sdk/2.3.1/src/rp2_common/pico_float/float_aeabi_rp2040.S.obj
LOAD CMakeFiles/drybox_firmware.dir/C_/Users/mirac/.pico-sdk/sdk/2.3.1/src/rp2_common/pico_float/float_init_rom_rp2040.c.obj
LOAD CMakeFiles/drybox_firmware.dir/C_/Users/mirac/.pico-sdk/sdk/2.3.1/src/rp2_common/pico_float/float_math.c.obj
LOAD CMakeFiles/drybox_firmware.dir/C_/Users/mirac/.pico-sdk/sdk/2.3.1/src/rp2_common/pico_float/float_v1_rom_shim_rp2040.S.obj
LOAD CMakeFiles/drybox_firmware.dir/C_/Users/mirac/.pico-sdk/sdk/2.3.1/src/rp2_common/pico_malloc/malloc.c.obj
LOAD CMakeFiles/drybox_firmware.dir/C_/Users/mirac/.pico-sdk/sdk/2.3.1/src/rp2_common/pico_mem_ops/mem_ops_aeabi.S.obj
LOAD CMakeFiles/drybox_firmware.dir/C_/Users/mirac/.pico-sdk/sdk/2.3.1/src/rp2_common/pico_atomic/atomic.c.obj
LOAD CMakeFiles/drybox_firmware.dir/C_/Users/mirac/.pico-sdk/sdk/2.3.1/src/rp2_common/pico_cxx_options/new_delete.cpp.obj
LOAD CMakeFiles/drybox_firmware.dir/C_/Users/mirac/.pico-sdk/sdk/2.3.1/src/rp2_common/pico_standard_binary_info/standard_binary_info.c.obj
LOAD CMakeFiles/drybox_firmware.dir/C_/Users/mirac/.pico-sdk/sdk/2.3.1/src/rp2_common/pico_printf/printf.c.obj
LOAD CMakeFiles/drybox_firmware.dir/C_/Users/mirac/.pico-sdk/sdk/2.3.1/src/rp2_common/pico_crt0/crt0.S.obj
LOAD CMakeFiles/drybox_firmware.dir/C_/Users/mirac/.pico-sdk/sdk/2.3.1/src/rp2_common/pico_clib_interface/newlib_interface.c.obj
LOAD CMakeFiles/drybox_firmware.dir/C_/Users/mirac/.pico-sdk/sdk/2.3.1/src/rp2_common/pico_clib_interface/cxa_guard.c.obj
LOAD CMakeFiles/drybox_firmware.dir/C_/Users/mirac/.pico-sdk/sdk/2.3.1/src/rp2_common/pico_stdio/stdio.c.obj
LOAD CMakeFiles/drybox_firmware.dir/C_/Users/mirac/.pico-sdk/sdk/2.3.1/src/rp2_common/pico_stdio_usb/stdio_usb.c.obj
LOAD CMakeFiles/drybox_firmware.dir/C_/Users/mirac/.pico-sdk/sdk/2.3.1/src/rp2_common/pico_stdio_usb/stdio_usb_descriptors.c.obj
LOAD CMakeFiles/drybox_firmware.dir/C_/Users/mirac/.pico-sdk/sdk/2.3.1/src/rp2_common/pico_unique_id/unique_id.c.obj
LOAD CMakeFiles/drybox_firmware.dir/C_/Users/mirac/.pico-sdk/sdk/2.3.1/src/rp2_common/hardware_flash/flash.c.obj
LOAD CMakeFiles/drybox_firmware.dir/C_/Users/mirac/.pico-sdk/sdk/2.3.1/src/rp2_common/hardware_xip_cache/xip_cache.c.obj
LOAD CMakeFiles/drybox_firmware.dir/C_/Users/mirac/.pico-sdk/sdk/2.3.1/src/rp2_common/pico_usb_reset/usb_reset.c.obj
LOAD CMakeFiles/drybox_firmware.dir/C_/Users/mirac/.pico-sdk/sdk/2.3.1/lib/tinyusb/src/portable/raspberrypi/rp2040/dcd_rp2040.c.obj
LOAD CMakeFiles/drybox_firmware.dir/C_/Users/mirac/.pico-sdk/sdk/2.3.1/lib/tinyusb/src/portable/raspberrypi/rp2040/rp2040_usb.c.obj
LOAD CMakeFiles/drybox_firmware.dir/C_/Users/mirac/.pico-sdk/sdk/2.3.1/lib/tinyusb/src/device/usbd.c.obj
LOAD CMakeFiles/drybox_firmware.dir/C_/Users/mirac/.pico-sdk/sdk/2.3.1/lib/tinyusb/src/device/usbd_control.c.obj
LOAD CMakeFiles/drybox_firmware.dir/C_/Users/mirac/.pico-sdk/sdk/2.3.1/lib/tinyusb/src/class/audio/audio_device.c.obj
LOAD CMakeFiles/drybox_firmware.dir/C_/Users/mirac/.pico-sdk/sdk/2.3.1/lib/tinyusb/src/class/cdc/cdc_device.c.obj
LOAD CMakeFiles/drybox_firmware.dir/C_/Users/mirac/.pico-sdk/sdk/2.3.1/lib/tinyusb/src/class/dfu/dfu_device.c.obj
LOAD CMakeFiles/drybox_firmware.dir/C_/Users/mirac/.pico-sdk/sdk/2.3.1/lib/tinyusb/src/class/dfu/dfu_rt_device.c.obj
LOAD CMakeFiles/drybox_firmware.dir/C_/Users/mirac/.pico-sdk/sdk/2.3.1/lib/tinyusb/src/class/hid/hid_device.c.obj
LOAD CMakeFiles/drybox_firmware.dir/C_/Users/mirac/.pico-sdk/sdk/2.3.1/lib/tinyusb/src/class/midi/midi_device.c.obj
LOAD CMakeFiles/drybox_firmware.dir/C_/Users/mirac/.pico-sdk/sdk/2.3.1/lib/tinyusb/src/class/msc/msc_device.c.obj
LOAD CMakeFiles/drybox_firmware.dir/C_/Users/mirac/.pico-sdk/sdk/2.3.1/lib/tinyusb/src/class/net/ecm_rndis_device.c.obj
LOAD CMakeFiles/drybox_firmware.dir/C_/Users/mirac/.pico-sdk/sdk/2.3.1/lib/tinyusb/src/class/net/ncm_device.c.obj
LOAD CMakeFiles/drybox_firmware.dir/C_/Users/mirac/.pico-sdk/sdk/2.3.1/lib/tinyusb/src/class/usbtmc/usbtmc_device.c.obj
LOAD CMakeFiles/drybox_firmware.dir/C_/Users/mirac/.pico-sdk/sdk/2.3.1/lib/tinyusb/src/class/vendor/vendor_device.c.obj
LOAD CMakeFiles/drybox_firmware.dir/C_/Users/mirac/.pico-sdk/sdk/2.3.1/lib/tinyusb/src/class/video/video_device.c.obj
LOAD CMakeFiles/drybox_firmware.dir/C_/Users/mirac/.pico-sdk/sdk/2.3.1/lib/tinyusb/src/tusb.c.obj
LOAD CMakeFiles/drybox_firmware.dir/C_/Users/mirac/.pico-sdk/sdk/2.3.1/lib/tinyusb/src/common/tusb_fifo.c.obj
LOAD CMakeFiles/drybox_firmware.dir/C_/Users/mirac/.pico-sdk/sdk/2.3.1/src/rp2_common/pico_fix/rp2040_usb_device_enumeration/rp2040_usb_device_enumeration.c.obj
LOAD CMakeFiles/drybox_firmware.dir/C_/Users/mirac/.pico-sdk/sdk/2.3.1/src/rp2_common/pico_thread_local/thread_local.c.obj
LOAD CMakeFiles/drybox_firmware.dir/C_/Users/mirac/.pico-sdk/sdk/2.3.1/src/rp2_common/pico_lwip/lwip_nosys.c.obj
LOAD CMakeFiles/drybox_firmware.dir/C_/Users/mirac/.pico-sdk/sdk/2.3.1/src/rp2_common/pico_async_context/async_context_base.c.obj
LOAD CMakeFiles/drybox_firmware.dir/C_/Users/mirac/.pico-sdk/sdk/2.3.1/src/rp2_common/pico_rand/rand.c.obj
LOAD CMakeFiles/drybox_firmware.dir/C_/Users/mirac/.pico-sdk/sdk/2.3.1/lib/lwip/src/core/init.c.obj
LOAD CMakeFiles/drybox_firmware.dir/C_/Users/mirac/.pico-sdk/sdk/2.3.1/lib/lwip/src/core/def.c.obj
LOAD CMakeFiles/drybox_firmware.dir/C_/Users/mirac/.pico-sdk/sdk/2.3.1/lib/lwip/src/core/dns.c.obj
LOAD CMakeFiles/drybox_firmware.dir/C_/Users/mirac/.pico-sdk/sdk/2.3.1/lib/lwip/src/core/inet_chksum.c.obj
LOAD CMakeFiles/drybox_firmware.dir/C_/Users/mirac/.pico-sdk/sdk/2.3.1/lib/lwip/src/core/ip.c.obj
LOAD CMakeFiles/drybox_firmware.dir/C_/Users/mirac/.pico-sdk/sdk/2.3.1/lib/lwip/src/core/mem.c.obj
LOAD CMakeFiles/drybox_firmware.dir/C_/Users/mirac/.pico-sdk/sdk/2.3.1/lib/lwip/src/core/memp.c.obj
LOAD CMakeFiles/drybox_firmware.dir/C_/Users/mirac/.pico-sdk/sdk/2.3.1/lib/lwip/src/core/netif.c.obj
LOAD CMakeFiles/drybox_firmware.dir/C_/Users/mirac/.pico-sdk/sdk/2.3.1/lib/lwip/src/core/pbuf.c.obj
LOAD CMakeFiles/drybox_firmware.dir/C_/Users/mirac/.pico-sdk/sdk/2.3.1/lib/lwip/src/core/raw.c.obj
LOAD CMakeFiles/drybox_firmware.dir/C_/Users/mirac/.pico-sdk/sdk/2.3.1/lib/lwip/src/core/stats.c.obj
LOAD CMakeFiles/drybox_firmware.dir/C_/Users/mirac/.pico-sdk/sdk/2.3.1/lib/lwip/src/core/sys.c.obj
LOAD CMakeFiles/drybox_firmware.dir/C_/Users/mirac/.pico-sdk/sdk/2.3.1/lib/lwip/src/core/altcp.c.obj
LOAD CMakeFiles/drybox_firmware.dir/C_/Users/mirac/.pico-sdk/sdk/2.3.1/lib/lwip/src/core/altcp_alloc.c.obj
LOAD CMakeFiles/drybox_firmware.dir/C_/Users/mirac/.pico-sdk/sdk/2.3.1/lib/lwip/src/core/altcp_tcp.c.obj
LOAD CMakeFiles/drybox_firmware.dir/C_/Users/mirac/.pico-sdk/sdk/2.3.1/lib/lwip/src/core/tcp.c.obj
LOAD CMakeFiles/drybox_firmware.dir/C_/Users/mirac/.pico-sdk/sdk/2.3.1/lib/lwip/src/core/tcp_in.c.obj
LOAD CMakeFiles/drybox_firmware.dir/C_/Users/mirac/.pico-sdk/sdk/2.3.1/lib/lwip/src/core/tcp_out.c.obj
LOAD CMakeFiles/drybox_firmware.dir/C_/Users/mirac/.pico-sdk/sdk/2.3.1/lib/lwip/src/core/timeouts.c.obj
LOAD CMakeFiles/drybox_firmware.dir/C_/Users/mirac/.pico-sdk/sdk/2.3.1/lib/lwip/src/core/udp.c.obj
LOAD CMakeFiles/drybox_firmware.dir/C_/Users/mirac/.pico-sdk/sdk/2.3.1/lib/lwip/src/core/ipv4/autoip.c.obj
LOAD CMakeFiles/drybox_firmware.dir/C_/Users/mirac/.pico-sdk/sdk/2.3.1/lib/lwip/src/core/ipv4/dhcp.c.obj
LOAD CMakeFiles/drybox_firmware.dir/C_/Users/mirac/.pico-sdk/sdk/2.3.1/lib/lwip/src/core/ipv4/etharp.c.obj
LOAD CMakeFiles/drybox_firmware.dir/C_/Users/mirac/.pico-sdk/sdk/2.3.1/lib/lwip/src/core/ipv4/icmp.c.obj
LOAD CMakeFiles/drybox_firmware.dir/C_/Users/mirac/.pico-sdk/sdk/2.3.1/lib/lwip/src/core/ipv4/igmp.c.obj
LOAD CMakeFiles/drybox_firmware.dir/C_/Users/mirac/.pico-sdk/sdk/2.3.1/lib/lwip/src/core/ipv4/ip4_frag.c.obj
LOAD CMakeFiles/drybox_firmware.dir/C_/Users/mirac/.pico-sdk/sdk/2.3.1/lib/lwip/src/core/ipv4/ip4.c.obj
LOAD CMakeFiles/drybox_firmware.dir/C_/Users/mirac/.pico-sdk/sdk/2.3.1/lib/lwip/src/core/ipv4/ip4_addr.c.obj
LOAD CMakeFiles/drybox_firmware.dir/C_/Users/mirac/.pico-sdk/sdk/2.3.1/lib/lwip/src/core/ipv4/acd.c.obj
LOAD CMakeFiles/drybox_firmware.dir/C_/Users/mirac/.pico-sdk/sdk/2.3.1/lib/lwip/src/core/ipv6/dhcp6.c.obj
LOAD CMakeFiles/drybox_firmware.dir/C_/Users/mirac/.pico-sdk/sdk/2.3.1/lib/lwip/src/core/ipv6/ethip6.c.obj
LOAD CMakeFiles/drybox_firmware.dir/C_/Users/mirac/.pico-sdk/sdk/2.3.1/lib/lwip/src/core/ipv6/icmp6.c.obj
LOAD CMakeFiles/drybox_firmware.dir/C_/Users/mirac/.pico-sdk/sdk/2.3.1/lib/lwip/src/core/ipv6/inet6.c.obj
LOAD CMakeFiles/drybox_firmware.dir/C_/Users/mirac/.pico-sdk/sdk/2.3.1/lib/lwip/src/core/ipv6/ip6.c.obj
LOAD CMakeFiles/drybox_firmware.dir/C_/Users/mirac/.pico-sdk/sdk/2.3.1/lib/lwip/src/core/ipv6/ip6_addr.c.obj
LOAD CMakeFiles/drybox_firmware.dir/C_/Users/mirac/.pico-sdk/sdk/2.3.1/lib/lwip/src/core/ipv6/ip6_frag.c.obj
LOAD CMakeFiles/drybox_firmware.dir/C_/Users/mirac/.pico-sdk/sdk/2.3.1/lib/lwip/src/core/ipv6/mld6.c.obj
LOAD CMakeFiles/drybox_firmware.dir/C_/Users/mirac/.pico-sdk/sdk/2.3.1/lib/lwip/src/core/ipv6/nd6.c.obj
LOAD CMakeFiles/drybox_firmware.dir/C_/Users/mirac/.pico-sdk/sdk/2.3.1/lib/lwip/src/api/api_lib.c.obj
LOAD CMakeFiles/drybox_firmware.dir/C_/Users/mirac/.pico-sdk/sdk/2.3.1/lib/lwip/src/api/api_msg.c.obj
LOAD CMakeFiles/drybox_firmware.dir/C_/Users/mirac/.pico-sdk/sdk/2.3.1/lib/lwip/src/api/err.c.obj
LOAD CMakeFiles/drybox_firmware.dir/C_/Users/mirac/.pico-sdk/sdk/2.3.1/lib/lwip/src/api/if_api.c.obj
LOAD CMakeFiles/drybox_firmware.dir/C_/Users/mirac/.pico-sdk/sdk/2.3.1/lib/lwip/src/api/netbuf.c.obj
LOAD CMakeFiles/drybox_firmware.dir/C_/Users/mirac/.pico-sdk/sdk/2.3.1/lib/lwip/src/api/netdb.c.obj
LOAD CMakeFiles/drybox_firmware.dir/C_/Users/mirac/.pico-sdk/sdk/2.3.1/lib/lwip/src/api/netifapi.c.obj
LOAD CMakeFiles/drybox_firmware.dir/C_/Users/mirac/.pico-sdk/sdk/2.3.1/lib/lwip/src/api/sockets.c.obj
LOAD CMakeFiles/drybox_firmware.dir/C_/Users/mirac/.pico-sdk/sdk/2.3.1/lib/lwip/src/api/tcpip.c.obj
LOAD CMakeFiles/drybox_firmware.dir/C_/Users/mirac/.pico-sdk/sdk/2.3.1/lib/lwip/src/netif/ethernet.c.obj
LOAD CMakeFiles/drybox_firmware.dir/C_/Users/mirac/.pico-sdk/sdk/2.3.1/lib/lwip/src/netif/bridgeif.c.obj
LOAD CMakeFiles/drybox_firmware.dir/C_/Users/mirac/.pico-sdk/sdk/2.3.1/lib/lwip/src/netif/bridgeif_fdb.c.obj
LOAD CMakeFiles/drybox_firmware.dir/C_/Users/mirac/.pico-sdk/sdk/2.3.1/lib/lwip/src/netif/slipif.c.obj
LOAD CMakeFiles/drybox_firmware.dir/C_/Users/mirac/.pico-sdk/sdk/2.3.1/lib/lwip/src/netif/lowpan6_common.c.obj
LOAD CMakeFiles/drybox_firmware.dir/C_/Users/mirac/.pico-sdk/sdk/2.3.1/lib/lwip/src/netif/lowpan6.c.obj
LOAD CMakeFiles/drybox_firmware.dir/C_/Users/mirac/.pico-sdk/sdk/2.3.1/lib/lwip/src/netif/lowpan6_ble.c.obj
LOAD CMakeFiles/drybox_firmware.dir/C_/Users/mirac/.pico-sdk/sdk/2.3.1/lib/lwip/src/netif/zepif.c.obj
LOAD CMakeFiles/drybox_firmware.dir/C_/Users/mirac/.pico-sdk/sdk/2.3.1/lib/lwip/src/netif/ppp/auth.c.obj
LOAD CMakeFiles/drybox_firmware.dir/C_/Users/mirac/.pico-sdk/sdk/2.3.1/lib/lwip/src/netif/ppp/ccp.c.obj
LOAD CMakeFiles/drybox_firmware.dir/C_/Users/mirac/.pico-sdk/sdk/2.3.1/lib/lwip/src/netif/ppp/chap-md5.c.obj
LOAD CMakeFiles/drybox_firmware.dir/C_/Users/mirac/.pico-sdk/sdk/2.3.1/lib/lwip/src/netif/ppp/chap_ms.c.obj
LOAD CMakeFiles/drybox_firmware.dir/C_/Users/mirac/.pico-sdk/sdk/2.3.1/lib/lwip/src/netif/ppp/chap-new.c.obj
LOAD CMakeFiles/drybox_firmware.dir/C_/Users/mirac/.pico-sdk/sdk/2.3.1/lib/lwip/src/netif/ppp/demand.c.obj
LOAD CMakeFiles/drybox_firmware.dir/C_/Users/mirac/.pico-sdk/sdk/2.3.1/lib/lwip/src/netif/ppp/eap.c.obj
LOAD CMakeFiles/drybox_firmware.dir/C_/Users/mirac/.pico-sdk/sdk/2.3.1/lib/lwip/src/netif/ppp/ecp.c.obj
LOAD CMakeFiles/drybox_firmware.dir/C_/Users/mirac/.pico-sdk/sdk/2.3.1/lib/lwip/src/netif/ppp/eui64.c.obj
LOAD CMakeFiles/drybox_firmware.dir/C_/Users/mirac/.pico-sdk/sdk/2.3.1/lib/lwip/src/netif/ppp/fsm.c.obj
LOAD CMakeFiles/drybox_firmware.dir/C_/Users/mirac/.pico-sdk/sdk/2.3.1/lib/lwip/src/netif/ppp/ipcp.c.obj
LOAD CMakeFiles/drybox_firmware.dir/C_/Users/mirac/.pico-sdk/sdk/2.3.1/lib/lwip/src/netif/ppp/ipv6cp.c.obj
LOAD CMakeFiles/drybox_firmware.dir/C_/Users/mirac/.pico-sdk/sdk/2.3.1/lib/lwip/src/netif/ppp/lcp.c.obj
LOAD CMakeFiles/drybox_firmware.dir/C_/Users/mirac/.pico-sdk/sdk/2.3.1/lib/lwip/src/netif/ppp/magic.c.obj
LOAD CMakeFiles/drybox_firmware.dir/C_/Users/mirac/.pico-sdk/sdk/2.3.1/lib/lwip/src/netif/ppp/mppe.c.obj
LOAD CMakeFiles/drybox_firmware.dir/C_/Users/mirac/.pico-sdk/sdk/2.3.1/lib/lwip/src/netif/ppp/multilink.c.obj
LOAD CMakeFiles/drybox_firmware.dir/C_/Users/mirac/.pico-sdk/sdk/2.3.1/lib/lwip/src/netif/ppp/ppp.c.obj
LOAD CMakeFiles/drybox_firmware.dir/C_/Users/mirac/.pico-sdk/sdk/2.3.1/lib/lwip/src/netif/ppp/pppapi.c.obj
LOAD CMakeFiles/drybox_firmware.dir/C_/Users/mirac/.pico-sdk/sdk/2.3.1/lib/lwip/src/netif/ppp/pppcrypt.c.obj
LOAD CMakeFiles/drybox_firmware.dir/C_/Users/mirac/.pico-sdk/sdk/2.3.1/lib/lwip/src/netif/ppp/pppoe.c.obj
LOAD CMakeFiles/drybox_firmware.dir/C_/Users/mirac/.pico-sdk/sdk/2.3.1/lib/lwip/src/netif/ppp/pppol2tp.c.obj
LOAD CMakeFiles/drybox_firmware.dir/C_/Users/mirac/.pico-sdk/sdk/2.3.1/lib/lwip/src/netif/ppp/pppos.c.obj
LOAD CMakeFiles/drybox_firmware.dir/C_/Users/mirac/.pico-sdk/sdk/2.3.1/lib/lwip/src/netif/ppp/upap.c.obj
LOAD CMakeFiles/drybox_firmware.dir/C_/Users/mirac/.pico-sdk/sdk/2.3.1/lib/lwip/src/netif/ppp/utils.c.obj
LOAD CMakeFiles/drybox_firmware.dir/C_/Users/mirac/.pico-sdk/sdk/2.3.1/lib/lwip/src/netif/ppp/vj.c.obj
LOAD CMakeFiles/drybox_firmware.dir/C_/Users/mirac/.pico-sdk/sdk/2.3.1/lib/lwip/src/netif/ppp/polarssl/arc4.c.obj
LOAD CMakeFiles/drybox_firmware.dir/C_/Users/mirac/.pico-sdk/sdk/2.3.1/lib/lwip/src/netif/ppp/polarssl/des.c.obj
LOAD CMakeFiles/drybox_firmware.dir/C_/Users/mirac/.pico-sdk/sdk/2.3.1/lib/lwip/src/netif/ppp/polarssl/md4.c.obj
LOAD CMakeFiles/drybox_firmware.dir/C_/Users/mirac/.pico-sdk/sdk/2.3.1/lib/lwip/src/netif/ppp/polarssl/md5.c.obj
LOAD CMakeFiles/drybox_firmware.dir/C_/Users/mirac/.pico-sdk/sdk/2.3.1/lib/lwip/src/netif/ppp/polarssl/sha1.c.obj
LOAD CMakeFiles/drybox_firmware.dir/C_/Users/mirac/.pico-sdk/sdk/2.3.1/src/rp2_common/pico_cyw43_arch/cyw43_arch.c.obj
LOAD CMakeFiles/drybox_firmware.dir/C_/Users/mirac/.pico-sdk/sdk/2.3.1/src/rp2_common/pico_cyw43_arch/cyw43_arch_poll.c.obj
LOAD CMakeFiles/drybox_firmware.dir/C_/Users/mirac/.pico-sdk/sdk/2.3.1/src/rp2_common/pico_cyw43_arch/cyw43_arch_threadsafe_background.c.obj
LOAD CMakeFiles/drybox_firmware.dir/C_/Users/mirac/.pico-sdk/sdk/2.3.1/src/rp2_common/pico_cyw43_arch/cyw43_arch_freertos.c.obj
LOAD CMakeFiles/drybox_firmware.dir/C_/Users/mirac/.pico-sdk/sdk/2.3.1/src/rp2_common/pico_cyw43_driver/cyw43_bus_pio_spi.c.obj
LOAD CMakeFiles/drybox_firmware.dir/C_/Users/mirac/.pico-sdk/sdk/2.3.1/lib/cyw43-driver/src/cyw43_ll.c.obj
LOAD CMakeFiles/drybox_firmware.dir/C_/Users/mirac/.pico-sdk/sdk/2.3.1/lib/cyw43-driver/src/cyw43_stats.c.obj
LOAD CMakeFiles/drybox_firmware.dir/C_/Users/mirac/.pico-sdk/sdk/2.3.1/lib/cyw43-driver/src/cyw43_lwip.c.obj
LOAD CMakeFiles/drybox_firmware.dir/C_/Users/mirac/.pico-sdk/sdk/2.3.1/lib/cyw43-driver/src/cyw43_ctrl.c.obj
LOAD CMakeFiles/drybox_firmware.dir/C_/Users/mirac/.pico-sdk/sdk/2.3.1/src/rp2_common/pico_cyw43_driver/cybt_shared_bus/cybt_shared_bus.c.obj
LOAD CMakeFiles/drybox_firmware.dir/C_/Users/mirac/.pico-sdk/sdk/2.3.1/src/rp2_common/pico_cyw43_driver/cybt_shared_bus/cybt_shared_bus_driver.c.obj
LOAD CMakeFiles/drybox_firmware.dir/C_/Users/mirac/.pico-sdk/sdk/2.3.1/src/rp2_common/hardware_pio/pio.c.obj
LOAD CMakeFiles/drybox_firmware.dir/C_/Users/mirac/.pico-sdk/sdk/2.3.1/src/rp2_common/hardware_dma/dma.c.obj
LOAD CMakeFiles/drybox_firmware.dir/C_/Users/mirac/.pico-sdk/sdk/2.3.1/src/rp2_common/hardware_exception/exception.c.obj
LOAD CMakeFiles/drybox_firmware.dir/C_/Users/mirac/.pico-sdk/sdk/2.3.1/src/rp2_common/pico_cyw43_driver/cyw43_driver.c.obj
LOAD CMakeFiles/drybox_firmware.dir/C_/Users/mirac/.pico-sdk/sdk/2.3.1/src/rp2_common/pico_async_context/async_context_threadsafe_background.c.obj
LOAD CMakeFiles/drybox_firmware.dir/C_/Users/mirac/.pico-sdk/sdk/2.3.1/lib/lwip/src/apps/mqtt/mqtt.c.obj
LOAD pico-sdk/src/rp2040/boot_stage2/CMakeFiles/bs2_default_library.dir/./bs2_default_padded_checksummed.S.obj
LOAD C:/Users/mirac/.pico-sdk/toolchain/15_2_Rel1/bin/../lib/gcc/arm-none-eabi/15.2.1/../../../../arm-none-eabi/lib/thumb/v6-m/nofp\libstdc++.a
LOAD C:/Users/mirac/.pico-sdk/toolchain/15_2_Rel1/bin/../lib/gcc/arm-none-eabi/15.2.1/../../../../arm-none-eabi/lib/thumb/v6-m/nofp\libm.a
START GROUP
LOAD C:/Users/mirac/.pico-sdk/toolchain/15_2_Rel1/bin/../lib/gcc/arm-none-eabi/15.2.1/thumb/v6-m/nofp\libgcc.a
LOAD C:/Users/mirac/.pico-sdk/toolchain/15_2_Rel1/bin/../lib/gcc/arm-none-eabi/15.2.1/../../../../arm-none-eabi/lib/thumb/v6-m/nofp\libg.a
LOAD C:/Users/mirac/.pico-sdk/toolchain/15_2_Rel1/bin/../lib/gcc/arm-none-eabi/15.2.1/../../../../arm-none-eabi/lib/thumb/v6-m/nofp\libc.a
END GROUP
                0x20000000                        PROVIDE (RAM_ORIGIN = RAM_ORIGIN_DEFAULT)
                0x00040000                        PROVIDE (RAM_LENGTH = RAM_LENGTH_DEFAULT)
                0x20040000                        PROVIDE (SCRATCH_X_ORIGIN = SCRATCH_X_ORIGIN_DEFAULT)
                0x00001000                        PROVIDE (SCRATCH_X_LENGTH = SCRATCH_X_LENGTH_DEFAULT)
                0x20041000                        PROVIDE (SCRATCH_Y_ORIGIN = SCRATCH_Y_ORIGIN_DEFAULT)
                0x00001000                        PROVIDE (SCRATCH_Y_LENGTH = SCRATCH_Y_LENGTH_DEFAULT)
                0x15000000                        PROVIDE (XIP_RAM_ORIGIN = XIP_RAM_ORIGIN_DEFAULT)
                0x00004000                        PROVIDE (XIP_RAM_LENGTH = XIP_RAM_LENGTH_DEFAULT)
                0x20000000                        RAM_ORIGIN = DEFINED (RAM_ORIGIN)?RAM_ORIGIN:RAM_ORIGIN_DEFAULT
                0x00040000                        RAM_LENGTH = DEFINED (RAM_LENGTH)?RAM_LENGTH:RAM_LENGTH_DEFAULT
                0x20040000                        SCRATCH_X_ORIGIN = DEFINED (SCRATCH_X_ORIGIN)?SCRATCH_X_ORIGIN:SCRATCH_X_ORIGIN_DEFAULT
                0x00001000                        SCRATCH_X_LENGTH = DEFINED (SCRATCH_X_LENGTH)?SCRATCH_X_LENGTH:SCRATCH_X_LENGTH_DEFAULT
                0x20041000                        SCRATCH_Y_ORIGIN = DEFINED (SCRATCH_Y_ORIGIN)?SCRATCH_Y_ORIGIN:SCRATCH_Y_ORIGIN_DEFAULT
                0x00001000                        SCRATCH_Y_LENGTH = DEFINED (SCRATCH_Y_LENGTH)?SCRATCH_Y_LENGTH:SCRATCH_Y_LENGTH_DEFAULT
                0x15000000                        XIP_RAM_ORIGIN = DEFINED (XIP_RAM_ORIGIN)?XIP_RAM_ORIGIN:XIP_RAM_ORIGIN_DEFAULT
                0x00004000                        XIP_RAM_LENGTH = DEFINED (XIP_RAM_LENGTH)?XIP_RAM_LENGTH:XIP_RAM_LENGTH_DEFAULT

.flash_begin    0x10000000        0x0
                0x10000000                        __flash_binary_start = .

.boot2          0x10000000      0x100
                0x10000000                        __boot2_start__ = .
 *(.boot2)
 .boot2         0x10000000      0x100 pico-sdk/src/rp2040/boot_stage2/CMakeFiles/bs2_default_library.dir/./bs2_default_padded_checksummed.S.obj
                0x10000100                        __boot2_end__ = .
                0x00000001                        ASSERT (((__boot2_end__ - __boot2_start__) == 0x100), ERROR: Pico second stage bootloader must be exactly 256 bytes in size for RP2040)

.text           0x10000100    0x20e28
                0x10000100                        __logical_binary_start = .
 *(.vectors)
 .vectors       0x10000100       0xd4 CMakeFiles/drybox_firmware.dir/C_/Users/mirac/.pico-sdk/sdk/2.3.1/src/rp2_common/pico_crt0/crt0.S.obj
                0x10000100                __VECTOR_TABLE
                0x10000100                __vectors
                0x100001c0                isr_irq13
                0x100001c0                isr_irq27
                0x100001c0                isr_irq31
                0x100001c0                isr_irq12
                0x100001c0                isr_irq5
                0x100001c0                isr_irq11
                0x100001c0                isr_irq3
                0x100001c0                isr_irq23
                0x100001c0                __unhandled_user_irq
                0x100001c0                isr_irq26
                0x100001c0                isr_irq28
                0x100001c0                isr_irq19
                0x100001c0                isr_irq0
                0x100001c0                isr_irq6
                0x100001c0                isr_irq29
                0x100001c0                isr_irq16
                0x100001c0                isr_irq22
                0x100001c0                isr_irq18
                0x100001c0                isr_irq17
                0x100001c0                isr_irq14
                0x100001c0                __vectors_end
                0x100001c0                __default_isrs_start
                0x100001c0                isr_irq2
                0x100001c0                isr_irq10
                0x100001c0                isr_irq8
                0x100001c0                isr_irq24
                0x100001c0                isr_irq1
                0x100001c0                isr_irq7
                0x100001c0                isr_irq21
                0x100001c0                isr_irq20
                0x100001c0                isr_irq15
                0x100001c0                isr_irq25
                0x100001c0                isr_irq4
                0x100001c0                isr_irq30
                0x100001c0                isr_irq9
                0x100001c6                unhandled_user_irq_num_in_r0
                0x100001c8                isr_invalid
                0x100001ca                isr_nmi
                0x100001cc                isr_hardfault
                0x100001ce                isr_svcall
                0x100001d0                isr_pendsv
                0x100001d2                isr_systick
                0x100001d4                __default_isrs_end
 *(.binary_info_header)
 .binary_info_header
                0x100001d4       0x14 CMakeFiles/drybox_firmware.dir/C_/Users/mirac/.pico-sdk/sdk/2.3.1/src/rp2_common/pico_crt0/crt0.S.obj
                0x100001e8                        __binary_info_header_end = .
 *(.embedded_block)
                0x100001e8                        __embedded_block_end = .
 *(.reset)
 .reset         0x100001e8       0x98 CMakeFiles/drybox_firmware.dir/C_/Users/mirac/.pico-sdk/sdk/2.3.1/src/rp2_common/pico_crt0/crt0.S.obj
                0x100001e8                _entry_point
 *(.init)
 *libgcc.a:cmse_nonsecure_call.o()
 *(EXCLUDE_FILE(*libm.a: *libgcc.a:) .text*)
 .text.mqtt_incoming_publish_cb
                0x10000280       0x18 CMakeFiles/drybox_firmware.dir/main.c.obj
 .text.mqtt_incoming_data_cb
                0x10000298      0x114 CMakeFiles/drybox_firmware.dir/main.c.obj
 .text.mqtt_sub_request_cb
                0x100003ac       0x28 CMakeFiles/drybox_firmware.dir/main.c.obj
 .text.mqtt_pub_request_cb
                0x100003d4       0x14 CMakeFiles/drybox_firmware.dir/main.c.obj
 .text.dns_found_cb
                0x100003e8       0x40 CMakeFiles/drybox_firmware.dir/main.c.obj
 .text.mqtt_connection_cb
                0x10000428       0x78 CMakeFiles/drybox_firmware.dir/main.c.obj
 .text.startup.main
                0x100004a0      0x94c CMakeFiles/drybox_firmware.dir/main.c.obj
                0x100004a0                main
 .text.gpio_set_function
                0x10000dec       0x30 CMakeFiles/drybox_firmware.dir/C_/Users/mirac/.pico-sdk/sdk/2.3.1/src/rp2_common/hardware_gpio/gpio.c.obj
                0x10000dec                gpio_set_function
 .text.gpio_set_pulls
                0x10000e1c       0x24 CMakeFiles/drybox_firmware.dir/C_/Users/mirac/.pico-sdk/sdk/2.3.1/src/rp2_common/hardware_gpio/gpio.c.obj
                0x10000e1c                gpio_set_pulls
 .text.gpio_set_input_hysteresis_enabled
                0x10000e40       0x24 CMakeFiles/drybox_firmware.dir/C_/Users/mirac/.pico-sdk/sdk/2.3.1/src/rp2_common/hardware_gpio/gpio.c.obj
                0x10000e40                gpio_set_input_hysteresis_enabled
 .text.gpio_set_irq_enabled
                0x10000e64       0x48 CMakeFiles/drybox_firmware.dir/C_/Users/mirac/.pico-sdk/sdk/2.3.1/src/rp2_common/hardware_gpio/gpio.c.obj
                0x10000e64                gpio_set_irq_enabled
 .text.gpio_add_raw_irq_handler_with_order_priority_masked
                0x10000eac       0x2c CMakeFiles/drybox_firmware.dir/C_/Users/mirac/.pico-sdk/sdk/2.3.1/src/rp2_common/hardware_gpio/gpio.c.obj
                0x10000eac                gpio_add_raw_irq_handler_with_order_priority_masked
 .text.gpio_remove_raw_irq_handler_masked
                0x10000ed8       0x20 CMakeFiles/drybox_firmware.dir/C_/Users/mirac/.pico-sdk/sdk/2.3.1/src/rp2_common/hardware_gpio/gpio.c.obj
                0x10000ed8                gpio_remove_raw_irq_handler_masked
 .text.gpio_init
                0x10000ef8       0x3c CMakeFiles/drybox_firmware.dir/C_/Users/mirac/.pico-sdk/sdk/2.3.1/src/rp2_common/hardware_gpio/gpio.c.obj
                0x10000ef8                gpio_init
 .text.rp2040_chip_version
                0x10000f34        0xc CMakeFiles/drybox_firmware.dir/C_/Users/mirac/.pico-sdk/sdk/2.3.1/src/rp2040/pico_platform/platform.c.obj
                0x10000f34                rp2040_chip_version
 .text.panic    0x10000f40       0x30 CMakeFiles/drybox_firmware.dir/C_/Users/mirac/.pico-sdk/sdk/2.3.1/src/rp2_common/pico_platform_panic/panic.c.obj
                0x10000f40                panic
 .text.hw_claim_lock
                0x10000f70       0x18 CMakeFiles/drybox_firmware.dir/C_/Users/mirac/.pico-sdk/sdk/2.3.1/src/common/hardware_claim/claim.c.obj
                0x10000f70                hw_claim_lock
 .text.hw_claim_unlock
                0x10000f88       0x14 CMakeFiles/drybox_firmware.dir/C_/Users/mirac/.pico-sdk/sdk/2.3.1/src/common/hardware_claim/claim.c.obj
                0x10000f88                hw_claim_unlock
 .text.hw_claim_or_assert
                0x10000f9c       0x50 CMakeFiles/drybox_firmware.dir/C_/Users/mirac/.pico-sdk/sdk/2.3.1/src/common/hardware_claim/claim.c.obj
                0x10000f9c                hw_claim_or_assert
 .text.hw_claim_unused_from_range
                0x10000fec       0x88 CMakeFiles/drybox_firmware.dir/C_/Users/mirac/.pico-sdk/sdk/2.3.1/src/common/hardware_claim/claim.c.obj
                0x10000fec                hw_claim_unused_from_range
 .text.hw_claim_clear
                0x10001074       0x40 CMakeFiles/drybox_firmware.dir/C_/Users/mirac/.pico-sdk/sdk/2.3.1/src/common/hardware_claim/claim.c.obj
                0x10001074                hw_claim_clear
 .text.next_striped_spin_lock_num
                0x100010b4       0x18 CMakeFiles/drybox_firmware.dir/C_/Users/mirac/.pico-sdk/sdk/2.3.1/src/rp2_common/hardware_sync/sync.c.obj
                0x100010b4                next_striped_spin_lock_num
 .text.spin_lock_claim_unused
                0x100010cc       0x20 CMakeFiles/drybox_firmware.dir/C_/Users/mirac/.pico-sdk/sdk/2.3.1/src/rp2_common/hardware_sync/sync.c.obj
                0x100010cc                spin_lock_claim_unused
 .text.spin_locks_reset
                0x100010ec       0x1c CMakeFiles/drybox_firmware.dir/C_/Users/mirac/.pico-sdk/sdk/2.3.1/src/rp2_common/hardware_sync_spin_lock/sync_spin_lock.c.obj
                0x100010ec                spin_locks_reset
 .text.runtime_init_per_core_irq_priorities
                0x10001108       0x48 CMakeFiles/drybox_firmware.dir/C_/Users/mirac/.pico-sdk/sdk/2.3.1/src/rp2_common/hardware_irq/irq.c.obj
                0x10001108                runtime_init_per_core_irq_priorities
 .text.irq_set_enabled
                0x10001150       0x24 CMakeFiles/drybox_firmware.dir/C_/Users/mirac/.pico-sdk/sdk/2.3.1/src/rp2_common/hardware_irq/irq.c.obj
                0x10001150                irq_set_enabled
 .text.irq_is_enabled
                0x10001174       0x18 CMakeFiles/drybox_firmware.dir/C_/Users/mirac/.pico-sdk/sdk/2.3.1/src/rp2_common/hardware_irq/irq.c.obj
                0x10001174                irq_is_enabled
 .text.irq_set_pending
                0x1000118c       0x14 CMakeFiles/drybox_firmware.dir/C_/Users/mirac/.pico-sdk/sdk/2.3.1/src/rp2_common/hardware_irq/irq.c.obj
                0x1000118c                irq_set_pending
 .text.irq_has_shared_handler
                0x100011a0       0x20 CMakeFiles/drybox_firmware.dir/C_/Users/mirac/.pico-sdk/sdk/2.3.1/src/rp2_common/hardware_irq/irq.c.obj
                0x100011a0                irq_has_shared_handler
 .text.irq_set_exclusive_handler
                0x100011c0       0x54 CMakeFiles/drybox_firmware.dir/C_/Users/mirac/.pico-sdk/sdk/2.3.1/src/rp2_common/hardware_irq/irq.c.obj
                0x100011c0                irq_set_exclusive_handler
 .text.irq_add_shared_handler
                0x10001214      0x1b8 CMakeFiles/drybox_firmware.dir/C_/Users/mirac/.pico-sdk/sdk/2.3.1/src/rp2_common/hardware_irq/irq.c.obj
                0x10001214                irq_add_shared_handler
 .text.irq_remove_handler
                0x100013cc      0x1bc CMakeFiles/drybox_firmware.dir/C_/Users/mirac/.pico-sdk/sdk/2.3.1/src/rp2_common/hardware_irq/irq.c.obj
                0x100013cc                irq_remove_handler
 .text.irq_set_priority
                0x10001588       0x28 CMakeFiles/drybox_firmware.dir/C_/Users/mirac/.pico-sdk/sdk/2.3.1/src/rp2_common/hardware_irq/irq.c.obj
                0x10001588                irq_set_priority
 .text.irq_add_tail_to_free_list
                0x100015b0       0xcc CMakeFiles/drybox_firmware.dir/C_/Users/mirac/.pico-sdk/sdk/2.3.1/src/rp2_common/hardware_irq/irq.c.obj
                0x100015b0                irq_add_tail_to_free_list
 .text.user_irq_unclaim
                0x1000167c       0x14 CMakeFiles/drybox_firmware.dir/C_/Users/mirac/.pico-sdk/sdk/2.3.1/src/rp2_common/hardware_irq/irq.c.obj
                0x1000167c                user_irq_unclaim
 .text.user_irq_claim_unused
                0x10001690       0x28 CMakeFiles/drybox_firmware.dir/C_/Users/mirac/.pico-sdk/sdk/2.3.1/src/rp2_common/hardware_irq/irq.c.obj
                0x10001690                user_irq_claim_unused
 .text.sem_init
                0x100016b8       0x20 CMakeFiles/drybox_firmware.dir/C_/Users/mirac/.pico-sdk/sdk/2.3.1/src/common/pico_sync/sem.c.obj
                0x100016b8                sem_init
 .text.lock_init
                0x100016d8       0x10 CMakeFiles/drybox_firmware.dir/C_/Users/mirac/.pico-sdk/sdk/2.3.1/src/common/pico_sync/lock_core.c.obj
                0x100016d8                lock_init
 .text.runtime_init_mutex
                0x100016e8       0x50 CMakeFiles/drybox_firmware.dir/C_/Users/mirac/.pico-sdk/sdk/2.3.1/src/common/pico_sync/mutex.c.obj
                0x100016e8                runtime_init_mutex
 .text.mutex_init
                0x10001738       0x1c CMakeFiles/drybox_firmware.dir/C_/Users/mirac/.pico-sdk/sdk/2.3.1/src/common/pico_sync/mutex.c.obj
                0x10001738                mutex_init
 .text.recursive_mutex_init
                0x10001754       0x1c CMakeFiles/drybox_firmware.dir/C_/Users/mirac/.pico-sdk/sdk/2.3.1/src/common/pico_sync/mutex.c.obj
                0x10001754                recursive_mutex_init
 .text.critical_section_init
                0x10001770       0x1c CMakeFiles/drybox_firmware.dir/C_/Users/mirac/.pico-sdk/sdk/2.3.1/src/common/pico_sync/critical_section.c.obj
                0x10001770                critical_section_init
 .text.critical_section_init_with_lock_num
                0x1000178c       0x14 CMakeFiles/drybox_firmware.dir/C_/Users/mirac/.pico-sdk/sdk/2.3.1/src/common/pico_sync/critical_section.c.obj
                0x1000178c                critical_section_init_with_lock_num
 .text.sleep_until_callback
                0x100017a0        0x8 CMakeFiles/drybox_firmware.dir/C_/Users/mirac/.pico-sdk/sdk/2.3.1/src/common/pico_time/time.c.obj
 .text.alarm_pool_irq_handler
                0x100017a8      0x328 CMakeFiles/drybox_firmware.dir/C_/Users/mirac/.pico-sdk/sdk/2.3.1/src/common/pico_time/time.c.obj
 .text.runtime_init_default_alarm_pool
                0x10001ad0       0xcc CMakeFiles/drybox_firmware.dir/C_/Users/mirac/.pico-sdk/sdk/2.3.1/src/common/pico_time/time.c.obj
                0x10001ad0                runtime_init_default_alarm_pool
 .text.alarm_pool_get_default
                0x10001b9c        0x8 CMakeFiles/drybox_firmware.dir/C_/Users/mirac/.pico-sdk/sdk/2.3.1/src/common/pico_time/time.c.obj
                0x10001b9c                alarm_pool_get_default
 .text.alarm_pool_add_alarm_at
                0x10001ba4       0xcc CMakeFiles/drybox_firmware.dir/C_/Users/mirac/.pico-sdk/sdk/2.3.1/src/common/pico_time/time.c.obj
                0x10001ba4                alarm_pool_add_alarm_at
 .text.alarm_pool_add_alarm_at_force_in_context
                0x10001c70       0xbc CMakeFiles/drybox_firmware.dir/C_/Users/mirac/.pico-sdk/sdk/2.3.1/src/common/pico_time/time.c.obj
                0x10001c70                alarm_pool_add_alarm_at_force_in_context
 .text.alarm_pool_cancel_alarm
                0x10001d2c       0x74 CMakeFiles/drybox_firmware.dir/C_/Users/mirac/.pico-sdk/sdk/2.3.1/src/common/pico_time/time.c.obj
                0x10001d2c                alarm_pool_cancel_alarm
 .text.alarm_pool_core_num
                0x10001da0        0x4 CMakeFiles/drybox_firmware.dir/C_/Users/mirac/.pico-sdk/sdk/2.3.1/src/common/pico_time/time.c.obj
                0x10001da0                alarm_pool_core_num
 .text.sleep_until
                0x10001da4       0xa0 CMakeFiles/drybox_firmware.dir/C_/Users/mirac/.pico-sdk/sdk/2.3.1/src/common/pico_time/time.c.obj
                0x10001da4                sleep_until
 .text.sleep_ms
                0x10001e44       0xc8 CMakeFiles/drybox_firmware.dir/C_/Users/mirac/.pico-sdk/sdk/2.3.1/src/common/pico_time/time.c.obj
                0x10001e44                sleep_ms
 .text.best_effort_wfe_or_timeout
                0x10001f0c      0x120 CMakeFiles/drybox_firmware.dir/C_/Users/mirac/.pico-sdk/sdk/2.3.1/src/common/pico_time/time.c.obj
                0x10001f0c                best_effort_wfe_or_timeout
 .text.timer_hardware_alarm_claim
                0x1000202c       0x14 CMakeFiles/drybox_firmware.dir/C_/Users/mirac/.pico-sdk/sdk/2.3.1/src/rp2_common/hardware_timer/timer.c.obj
                0x1000202c                timer_hardware_alarm_claim
 .text.timer_time_us_64
                0x10002040       0x10 CMakeFiles/drybox_firmware.dir/C_/Users/mirac/.pico-sdk/sdk/2.3.1/src/rp2_common/hardware_timer/timer.c.obj
                0x10002040                timer_time_us_64
 .text.time_us_64
                0x10002050       0x14 CMakeFiles/drybox_firmware.dir/C_/Users/mirac/.pico-sdk/sdk/2.3.1/src/rp2_common/hardware_timer/timer.c.obj
                0x10002050                time_us_64
 .text.busy_wait_us
                0x10002064       0x6c CMakeFiles/drybox_firmware.dir/C_/Users/mirac/.pico-sdk/sdk/2.3.1/src/rp2_common/hardware_timer/timer.c.obj
                0x10002064                busy_wait_us
 .text.busy_wait_until
                0x100020d0       0x20 CMakeFiles/drybox_firmware.dir/C_/Users/mirac/.pico-sdk/sdk/2.3.1/src/rp2_common/hardware_timer/timer.c.obj
                0x100020d0                busy_wait_until
 .text.clock_configure_int_divider
                0x100020f0       0xec CMakeFiles/drybox_firmware.dir/C_/Users/mirac/.pico-sdk/sdk/2.3.1/src/rp2_common/hardware_clocks/clocks.c.obj
                0x100020f0                clock_configure_int_divider
 .text.clock_configure_undivided
                0x100021dc       0xe0 CMakeFiles/drybox_firmware.dir/C_/Users/mirac/.pico-sdk/sdk/2.3.1/src/rp2_common/hardware_clocks/clocks.c.obj
                0x100021dc                clock_configure_undivided
 .text.clock_get_hz
                0x100022bc        0xc CMakeFiles/drybox_firmware.dir/C_/Users/mirac/.pico-sdk/sdk/2.3.1/src/rp2_common/hardware_clocks/clocks.c.obj
                0x100022bc                clock_get_hz
 .text.pll_init
                0x100022c8       0xb0 CMakeFiles/drybox_firmware.dir/C_/Users/mirac/.pico-sdk/sdk/2.3.1/src/rp2_common/hardware_pll/pll.c.obj
                0x100022c8                pll_init
 .text.watchdog_reboot
                0x10002378       0x9c CMakeFiles/drybox_firmware.dir/C_/Users/mirac/.pico-sdk/sdk/2.3.1/src/rp2_common/hardware_watchdog/watchdog.c.obj
                0x10002378                watchdog_reboot
 .text.tick_start
                0x10002414       0x10 CMakeFiles/drybox_firmware.dir/C_/Users/mirac/.pico-sdk/sdk/2.3.1/src/rp2_common/hardware_ticks/ticks.c.obj
                0x10002414                tick_start
 .text.rom_func_lookup
                0x10002424       0x10 CMakeFiles/drybox_firmware.dir/C_/Users/mirac/.pico-sdk/sdk/2.3.1/src/rp2_common/pico_bootrom/bootrom.c.obj
                0x10002424                rom_func_lookup
 .text.rom_data_lookup
                0x10002434       0x10 CMakeFiles/drybox_firmware.dir/C_/Users/mirac/.pico-sdk/sdk/2.3.1/src/rp2_common/pico_bootrom/bootrom.c.obj
                0x10002434                rom_data_lookup
 .text.rom_funcs_lookup
                0x10002444       0x44 CMakeFiles/drybox_firmware.dir/C_/Users/mirac/.pico-sdk/sdk/2.3.1/src/rp2_common/pico_bootrom/bootrom.c.obj
                0x10002444                rom_funcs_lookup
 .text.rom_reset_usb_boot_extra
                0x10002488       0x24 CMakeFiles/drybox_firmware.dir/C_/Users/mirac/.pico-sdk/sdk/2.3.1/src/rp2_common/pico_bootrom/bootrom.c.obj
                0x10002488                rom_reset_usb_boot_extra
 .text.xosc_init
                0x100024ac       0x28 CMakeFiles/drybox_firmware.dir/C_/Users/mirac/.pico-sdk/sdk/2.3.1/src/rp2_common/hardware_xosc/xosc.c.obj
                0x100024ac                xosc_init
 .text.first_per_core_initializer
                0x100024d4        0x4 CMakeFiles/drybox_firmware.dir/C_/Users/mirac/.pico-sdk/sdk/2.3.1/src/rp2_common/pico_runtime/runtime.c.obj
 .text.hard_assertion_failure
                0x100024d8        0xc CMakeFiles/drybox_firmware.dir/C_/Users/mirac/.pico-sdk/sdk/2.3.1/src/rp2_common/pico_runtime/runtime.c.obj
                0x100024d8                hard_assertion_failure
 .text.runtime_run_initializers
                0x100024e4       0x28 CMakeFiles/drybox_firmware.dir/C_/Users/mirac/.pico-sdk/sdk/2.3.1/src/rp2_common/pico_runtime/runtime.c.obj
                0x100024e4                runtime_run_initializers
 .text.runtime_init_early_resets
                0x1000250c       0x2c CMakeFiles/drybox_firmware.dir/C_/Users/mirac/.pico-sdk/sdk/2.3.1/src/rp2_common/pico_runtime_init/runtime_init.c.obj
                0x1000250c                runtime_init_early_resets
 .text.runtime_init_usb_power_down
                0x10002538       0x1c CMakeFiles/drybox_firmware.dir/C_/Users/mirac/.pico-sdk/sdk/2.3.1/src/rp2_common/pico_runtime_init/runtime_init.c.obj
                0x10002538                runtime_init_usb_power_down
 .text.runtime_init_post_clock_resets
                0x10002554       0x20 CMakeFiles/drybox_firmware.dir/C_/Users/mirac/.pico-sdk/sdk/2.3.1/src/rp2_common/pico_runtime_init/runtime_init.c.obj
                0x10002554                runtime_init_post_clock_resets
 .text.runtime_init_rp2040_gpio_ie_disable
                0x10002574       0x14 CMakeFiles/drybox_firmware.dir/C_/Users/mirac/.pico-sdk/sdk/2.3.1/src/rp2_common/pico_runtime_init/runtime_init.c.obj
                0x10002574                runtime_init_rp2040_gpio_ie_disable
 .text.runtime_init_spin_locks_reset
                0x10002588        0x8 CMakeFiles/drybox_firmware.dir/C_/Users/mirac/.pico-sdk/sdk/2.3.1/src/rp2_common/pico_runtime_init/runtime_init.c.obj
                0x10002588                runtime_init_spin_locks_reset
 .text.runtime_init_install_ram_vector_table
                0x10002590       0xb4 CMakeFiles/drybox_firmware.dir/C_/Users/mirac/.pico-sdk/sdk/2.3.1/src/rp2_common/pico_runtime_init/runtime_init.c.obj
                0x10002590                runtime_init_install_ram_vector_table
 .text.runtime_init_clocks
                0x10002644       0xd8 CMakeFiles/drybox_firmware.dir/C_/Users/mirac/.pico-sdk/sdk/2.3.1/src/rp2_common/pico_runtime_init/runtime_init_clocks.c.obj
                0x10002644                runtime_init_clocks
 .text          0x1000271c       0x10 CMakeFiles/drybox_firmware.dir/C_/Users/mirac/.pico-sdk/sdk/2.3.1/src/rp2_common/pico_bit_ops/bit_ops_aeabi.S.obj
 .text.ctzsi    0x1000272c        0xc CMakeFiles/drybox_firmware.dir/C_/Users/mirac/.pico-sdk/sdk/2.3.1/src/rp2_common/pico_bit_ops/bit_ops_aeabi.S.obj
                0x1000272c                __wrap___ctzsi2
 .text.__wrap___aeabi_idiv
                0x10002738       0x50 CMakeFiles/drybox_firmware.dir/C_/Users/mirac/.pico-sdk/sdk/2.3.1/src/rp2_common/pico_divider/divider_hardware.S.obj
                0x10002738                __wrap___aeabi_idivmod
                0x10002738                divmod_s32s32
                0x10002738                div_s32s32
                0x10002738                __wrap___aeabi_idiv
                0x1000276c                divmod_s32s32_savestate
 .text.__wrap___aeabi_uidiv
                0x10002788       0x4c CMakeFiles/drybox_firmware.dir/C_/Users/mirac/.pico-sdk/sdk/2.3.1/src/rp2_common/pico_divider/divider_hardware.S.obj
                0x10002788                __wrap___aeabi_uidivmod
                0x10002788                div_u32u32
                0x10002788                divmod_u32u32
                0x10002788                __wrap___aeabi_uidiv
                0x100027b8                divmod_u32u32_savestate
 .text.__wrap___aeabi_ldiv
                0x100027d4      0x424 CMakeFiles/drybox_firmware.dir/C_/Users/mirac/.pico-sdk/sdk/2.3.1/src/rp2_common/pico_divider/divider_hardware.S.obj
                0x100027d4                div_s64s64
                0x100027d4                divmod_s64s64
                0x100027d4                __wrap___aeabi_ldivmod
                0x10002804                divmod_u64u64
                0x10002804                div_u64u64
                0x10002804                __wrap___aeabi_uldivmod
                0x10002814                divmod_u64u64_savestate
                0x10002834                divmod_s64s64_unsafe
                0x100028bc                divmod_u64u64_unsafe
 .text.__wrap___aeabi_darithmetic
                0x10002bf8       0x60 CMakeFiles/drybox_firmware.dir/C_/Users/mirac/.pico-sdk/sdk/2.3.1/src/rp2_common/pico_double/double_aeabi_rp2040.S.obj
                0x10002bf8                __wrap___aeabi_drsub
                0x10002bfe                __wrap___aeabi_dsub
                0x10002c08                __wrap___aeabi_dadd
                0x10002c12                __wrap___aeabi_ddiv
                0x10002c46                __wrap___aeabi_dmul
 .text.__wrap___aeabi_cdcmple
                0x10002c58       0x6c CMakeFiles/drybox_firmware.dir/C_/Users/mirac/.pico-sdk/sdk/2.3.1/src/rp2_common/pico_double/double_aeabi_rp2040.S.obj
                0x10002c58                __wrap___aeabi_cdrcmple
                0x10002c68                __wrap___aeabi_cdcmpeq
                0x10002c68                __wrap___aeabi_cdcmple
 .text.__wrap___aeabi_dcmpeq
                0x10002cc4       0x10 CMakeFiles/drybox_firmware.dir/C_/Users/mirac/.pico-sdk/sdk/2.3.1/src/rp2_common/pico_double/double_aeabi_rp2040.S.obj
                0x10002cc4                __wrap___aeabi_dcmpeq
 .text.__wrap___aeabi_dcmplt
                0x10002cd4        0xc CMakeFiles/drybox_firmware.dir/C_/Users/mirac/.pico-sdk/sdk/2.3.1/src/rp2_common/pico_double/double_aeabi_rp2040.S.obj
                0x10002cd4                __wrap___aeabi_dcmplt
 .text.__wrap___aeabi_dcmple
                0x10002ce0       0x10 CMakeFiles/drybox_firmware.dir/C_/Users/mirac/.pico-sdk/sdk/2.3.1/src/rp2_common/pico_double/double_aeabi_rp2040.S.obj
                0x10002ce0                __wrap___aeabi_dcmple
 .text.__wrap___aeabi_dcmpge
                0x10002cf0       0x10 CMakeFiles/drybox_firmware.dir/C_/Users/mirac/.pico-sdk/sdk/2.3.1/src/rp2_common/pico_double/double_aeabi_rp2040.S.obj
                0x10002cf0                __wrap___aeabi_dcmpge
 .text.__wrap___aeabi_dcmpgt
                0x10002d00        0xa CMakeFiles/drybox_firmware.dir/C_/Users/mirac/.pico-sdk/sdk/2.3.1/src/rp2_common/pico_double/double_aeabi_rp2040.S.obj
                0x10002d00                __wrap___aeabi_dcmpgt
 .text.__wrap___aeabi_dcmpun
                0x10002d0a       0x18 CMakeFiles/drybox_firmware.dir/C_/Users/mirac/.pico-sdk/sdk/2.3.1/src/rp2_common/pico_double/double_aeabi_rp2040.S.obj
                0x10002d0a                __wrap___aeabi_dcmpun
 *fill*         0x10002d22        0x2 
 .text.__wrap___aeabi_i2d
                0x10002d24       0x38 CMakeFiles/drybox_firmware.dir/C_/Users/mirac/.pico-sdk/sdk/2.3.1/src/rp2_common/pico_double/double_aeabi_rp2040.S.obj
                0x10002d24                uint2double
                0x10002d24                __wrap___aeabi_ui2d
                0x10002d2c                int2double
                0x10002d2c                __wrap___aeabi_i2d
 .text.__wrap___aeabi_d2iz
                0x10002d5c       0x48 CMakeFiles/drybox_firmware.dir/C_/Users/mirac/.pico-sdk/sdk/2.3.1/src/rp2_common/pico_double/double_aeabi_rp2040.S.obj
                0x10002d5c                double2int_z
                0x10002d5c                __wrap___aeabi_d2iz
 .text.__wrap___aeabi_d2uiz
                0x10002da4       0x10 CMakeFiles/drybox_firmware.dir/C_/Users/mirac/.pico-sdk/sdk/2.3.1/src/rp2_common/pico_double/double_aeabi_rp2040.S.obj
                0x10002da4                double2uint
                0x10002da4                __wrap___aeabi_d2uiz
                0x10002da4                double2uint_z
 .text.__wrap___aeabi_l2d
                0x10002db4       0x10 CMakeFiles/drybox_firmware.dir/C_/Users/mirac/.pico-sdk/sdk/2.3.1/src/rp2_common/pico_double/double_aeabi_rp2040.S.obj
                0x10002db4                int642double
                0x10002db4                __wrap___aeabi_l2d
 .text.__wrap___aeabi_d2lz
                0x10002dc4       0x26 CMakeFiles/drybox_firmware.dir/C_/Users/mirac/.pico-sdk/sdk/2.3.1/src/rp2_common/pico_double/double_aeabi_rp2040.S.obj
                0x10002dc4                double2int64_z
                0x10002dc4                __wrap___aeabi_d2lz
 *fill*         0x10002dea        0x2 
 .text.double2int64
                0x10002dec       0x10 CMakeFiles/drybox_firmware.dir/C_/Users/mirac/.pico-sdk/sdk/2.3.1/src/rp2_common/pico_double/double_aeabi_rp2040.S.obj
                0x10002dec                double2int64
 .text.double2ufix64
                0x10002dfc       0x10 CMakeFiles/drybox_firmware.dir/C_/Users/mirac/.pico-sdk/sdk/2.3.1/src/rp2_common/pico_double/double_aeabi_rp2040.S.obj
                0x10002dfc                double2ufix64_z
                0x10002dfc                double2ufix64
 .text.__wrap___aeabi_d2f
                0x10002e0c       0x10 CMakeFiles/drybox_firmware.dir/C_/Users/mirac/.pico-sdk/sdk/2.3.1/src/rp2_common/pico_double/double_aeabi_rp2040.S.obj
                0x10002e0c                __wrap___aeabi_d2f
 .text.missing_double_func_shim
                0x10002e1c        0xc CMakeFiles/drybox_firmware.dir/C_/Users/mirac/.pico-sdk/sdk/2.3.1/src/rp2_common/pico_double/double_init_rom_rp2040.c.obj
 .text.__aeabi_double_init
                0x10002e28       0xa0 CMakeFiles/drybox_firmware.dir/C_/Users/mirac/.pico-sdk/sdk/2.3.1/src/rp2_common/pico_double/double_init_rom_rp2040.c.obj
                0x10002e28                __aeabi_double_init
 .text.double_table_shim_on_use_helper
                0x10002ec8       0x2c CMakeFiles/drybox_firmware.dir/C_/Users/mirac/.pico-sdk/sdk/2.3.1/src/rp2_common/pico_double/double_v1_rom_shim_rp2040.S.obj
                0x10002ec8                double_table_shim_on_use_helper
 .text.__aeabi_lmul
                0x10002ef4       0x32 CMakeFiles/drybox_firmware.dir/C_/Users/mirac/.pico-sdk/sdk/2.3.1/src/rp2_common/pico_int64_ops/pico_int64_ops_aeabi.S.obj
                0x10002ef4                __wrap___aeabi_lmul
 *fill*         0x10002f26        0x2 
 .text.__wrap___aeabi_farithmetic
                0x10002f28       0x48 CMakeFiles/drybox_firmware.dir/C_/Users/mirac/.pico-sdk/sdk/2.3.1/src/rp2_common/pico_float/float_aeabi_rp2040.S.obj
                0x10002f28                __wrap___aeabi_frsub
                0x10002f2e                __wrap___aeabi_fsub
                0x10002f34                __wrap___aeabi_fadd
                0x10002f3a                __wrap___aeabi_fdiv
                0x10002f62                __wrap___aeabi_fmul
 .text.__wrap___aeabi_cfcmple
                0x10002f70       0x50 CMakeFiles/drybox_firmware.dir/C_/Users/mirac/.pico-sdk/sdk/2.3.1/src/rp2_common/pico_float/float_aeabi_rp2040.S.obj
                0x10002f70                __wrap___aeabi_cfrcmple
                0x10002f7c                __wrap___aeabi_cfcmple
                0x10002f7c                __wrap___aeabi_cfcmpeq
 .text.__wrap___aeabi_fcmplt
                0x10002fc0        0xc CMakeFiles/drybox_firmware.dir/C_/Users/mirac/.pico-sdk/sdk/2.3.1/src/rp2_common/pico_float/float_aeabi_rp2040.S.obj
                0x10002fc0                __wrap___aeabi_fcmplt
 .text.__wrap___aeabi_fcmpgt
                0x10002fcc        0xa CMakeFiles/drybox_firmware.dir/C_/Users/mirac/.pico-sdk/sdk/2.3.1/src/rp2_common/pico_float/float_aeabi_rp2040.S.obj
                0x10002fcc                __wrap___aeabi_fcmpgt
 .text.__wrap___aeabi_ui2f
                0x10002fd6        0xa CMakeFiles/drybox_firmware.dir/C_/Users/mirac/.pico-sdk/sdk/2.3.1/src/rp2_common/pico_float/float_aeabi_rp2040.S.obj
                0x10002fd6                __wrap___aeabi_ui2f
                0x10002fd6                uint2float
 .text.__wrap___aeabi_i2f
                0x10002fe0       0x44 CMakeFiles/drybox_firmware.dir/C_/Users/mirac/.pico-sdk/sdk/2.3.1/src/rp2_common/pico_float/float_aeabi_rp2040.S.obj
                0x10002fe0                __wrap___aeabi_i2f
                0x10002fe0                int2float
 .text.fix2float
                0x10003024        0xc CMakeFiles/drybox_firmware.dir/C_/Users/mirac/.pico-sdk/sdk/2.3.1/src/rp2_common/pico_float/float_aeabi_rp2040.S.obj
                0x10003024                fix2float
 .text.__wrap___aeabi_ul2f
                0x10003030       0x18 CMakeFiles/drybox_firmware.dir/C_/Users/mirac/.pico-sdk/sdk/2.3.1/src/rp2_common/pico_float/float_aeabi_rp2040.S.obj
                0x10003034                uint642float
                0x10003034                __wrap___aeabi_ul2f
 .text.__wrap___aeabi_f2d
                0x10003048        0xc CMakeFiles/drybox_firmware.dir/C_/Users/mirac/.pico-sdk/sdk/2.3.1/src/rp2_common/pico_float/float_aeabi_rp2040.S.obj
                0x10003048                __wrap___aeabi_f2d
 .text.__wrap_cosf
                0x10003054       0x24 CMakeFiles/drybox_firmware.dir/C_/Users/mirac/.pico-sdk/sdk/2.3.1/src/rp2_common/pico_float/float_aeabi_rp2040.S.obj
                0x10003054                __wrap_cosf
 .text.__wrap_sinf
                0x10003078       0x24 CMakeFiles/drybox_firmware.dir/C_/Users/mirac/.pico-sdk/sdk/2.3.1/src/rp2_common/pico_float/float_aeabi_rp2040.S.obj
                0x10003078                __wrap_sinf
 .text.missing_float_func_shim
                0x1000309c        0xc CMakeFiles/drybox_firmware.dir/C_/Users/mirac/.pico-sdk/sdk/2.3.1/src/rp2_common/pico_float/float_init_rom_rp2040.c.obj
 .text.__aeabi_float_init
                0x100030a8       0x60 CMakeFiles/drybox_firmware.dir/C_/Users/mirac/.pico-sdk/sdk/2.3.1/src/rp2_common/pico_float/float_init_rom_rp2040.c.obj
                0x100030a8                __aeabi_float_init
 .text.__wrap_remquof
                0x10003108      0x144 CMakeFiles/drybox_firmware.dir/C_/Users/mirac/.pico-sdk/sdk/2.3.1/src/rp2_common/pico_float/float_math.c.obj
                0x10003108                __wrap_remquof
 .text.__wrap_remainderf
                0x1000324c        0xc CMakeFiles/drybox_firmware.dir/C_/Users/mirac/.pico-sdk/sdk/2.3.1/src/rp2_common/pico_float/float_math.c.obj
                0x1000324c                __wrap_remainderf
 .text.__wrap_malloc
                0x10003258       0x24 CMakeFiles/drybox_firmware.dir/C_/Users/mirac/.pico-sdk/sdk/2.3.1/src/rp2_common/pico_malloc/malloc.c.obj
                0x10003258                __wrap_malloc
 .text.__wrap_realloc
                0x1000327c       0x24 CMakeFiles/drybox_firmware.dir/C_/Users/mirac/.pico-sdk/sdk/2.3.1/src/rp2_common/pico_malloc/malloc.c.obj
                0x1000327c                __wrap_realloc
 .text.__wrap_free
                0x100032a0        0x8 CMakeFiles/drybox_firmware.dir/C_/Users/mirac/.pico-sdk/sdk/2.3.1/src/rp2_common/pico_malloc/malloc.c.obj
                0x100032a0                __wrap_free
 .text          0x100032a8       0x10 CMakeFiles/drybox_firmware.dir/C_/Users/mirac/.pico-sdk/sdk/2.3.1/src/rp2_common/pico_mem_ops/mem_ops_aeabi.S.obj
                0x100032a8                __aeabi_mem_init
 .text.memset   0x100032b8        0xc CMakeFiles/drybox_firmware.dir/C_/Users/mirac/.pico-sdk/sdk/2.3.1/src/rp2_common/pico_mem_ops/mem_ops_aeabi.S.obj
                0x100032b8                __wrap_memset
 .text.memcpy   0x100032c4        0xc CMakeFiles/drybox_firmware.dir/C_/Users/mirac/.pico-sdk/sdk/2.3.1/src/rp2_common/pico_mem_ops/mem_ops_aeabi.S.obj
                0x100032c4                __wrap_memcpy
                0x100032c4                __wrap___aeabi_memcpy
 .text._out_buffer
                0x100032d0        0x8 CMakeFiles/drybox_firmware.dir/C_/Users/mirac/.pico-sdk/sdk/2.3.1/src/rp2_common/pico_printf/printf.c.obj
 .text._out_null
                0x100032d8        0x4 CMakeFiles/drybox_firmware.dir/C_/Users/mirac/.pico-sdk/sdk/2.3.1/src/rp2_common/pico_printf/printf.c.obj
 .text._out_rev
                0x100032dc       0xa8 CMakeFiles/drybox_firmware.dir/C_/Users/mirac/.pico-sdk/sdk/2.3.1/src/rp2_common/pico_printf/printf.c.obj
 .text._ntoa_format
                0x10003384      0x1d8 CMakeFiles/drybox_firmware.dir/C_/Users/mirac/.pico-sdk/sdk/2.3.1/src/rp2_common/pico_printf/printf.c.obj
 .text._out_char
                0x1000355c       0x10 CMakeFiles/drybox_firmware.dir/C_/Users/mirac/.pico-sdk/sdk/2.3.1/src/rp2_common/pico_printf/printf.c.obj
 .text._out_fct
                0x1000356c       0x10 CMakeFiles/drybox_firmware.dir/C_/Users/mirac/.pico-sdk/sdk/2.3.1/src/rp2_common/pico_printf/printf.c.obj
 .text._ftoa    0x1000357c      0x474 CMakeFiles/drybox_firmware.dir/C_/Users/mirac/.pico-sdk/sdk/2.3.1/src/rp2_common/pico_printf/printf.c.obj
 .text._etoa    0x100039f0      0x560 CMakeFiles/drybox_firmware.dir/C_/Users/mirac/.pico-sdk/sdk/2.3.1/src/rp2_common/pico_printf/printf.c.obj
 .text._vsnprintf
                0x10003f50      0xab8 CMakeFiles/drybox_firmware.dir/C_/Users/mirac/.pico-sdk/sdk/2.3.1/src/rp2_common/pico_printf/printf.c.obj
 .text.__wrap_sprintf
                0x10004a08       0x28 CMakeFiles/drybox_firmware.dir/C_/Users/mirac/.pico-sdk/sdk/2.3.1/src/rp2_common/pico_printf/printf.c.obj
                0x10004a08                __wrap_sprintf
 .text.__wrap_snprintf
                0x10004a30       0x28 CMakeFiles/drybox_firmware.dir/C_/Users/mirac/.pico-sdk/sdk/2.3.1/src/rp2_common/pico_printf/printf.c.obj
                0x10004a30                __wrap_snprintf
 .text.vfctprintf
                0x10004a58       0x20 CMakeFiles/drybox_firmware.dir/C_/Users/mirac/.pico-sdk/sdk/2.3.1/src/rp2_common/pico_printf/printf.c.obj
                0x10004a58                vfctprintf
 .text.weak_raw_printf
                0x10004a78       0x40 CMakeFiles/drybox_firmware.dir/C_/Users/mirac/.pico-sdk/sdk/2.3.1/src/rp2_common/pico_printf/printf.c.obj
                0x10004a78                weak_raw_printf
 .text.weak_raw_vprintf
                0x10004ab8       0x30 CMakeFiles/drybox_firmware.dir/C_/Users/mirac/.pico-sdk/sdk/2.3.1/src/rp2_common/pico_printf/printf.c.obj
                0x10004ab8                weak_raw_vprintf
 .text._exit    0x10004ae8        0x4 CMakeFiles/drybox_firmware.dir/C_/Users/mirac/.pico-sdk/sdk/2.3.1/src/rp2_common/pico_clib_interface/newlib_interface.c.obj
                0x10004ae8                _exit
 .text._fini    0x10004aec        0x4 CMakeFiles/drybox_firmware.dir/C_/Users/mirac/.pico-sdk/sdk/2.3.1/src/rp2_common/pico_clib_interface/newlib_interface.c.obj
                0x10004aec                _fini
 .text._sbrk    0x10004af0       0x34 CMakeFiles/drybox_firmware.dir/C_/Users/mirac/.pico-sdk/sdk/2.3.1/src/rp2_common/pico_clib_interface/newlib_interface.c.obj
                0x10004af0                _sbrk
 .text.exit     0x10004b24        0x8 CMakeFiles/drybox_firmware.dir/C_/Users/mirac/.pico-sdk/sdk/2.3.1/src/rp2_common/pico_clib_interface/newlib_interface.c.obj
                0x10004b24                exit
 .text.__assert_func
                0x10004b2c       0x38 CMakeFiles/drybox_firmware.dir/C_/Users/mirac/.pico-sdk/sdk/2.3.1/src/rp2_common/pico_clib_interface/newlib_interface.c.obj
                0x10004b2c                __assert_func
 .text.runtime_init
                0x10004b64       0x2c CMakeFiles/drybox_firmware.dir/C_/Users/mirac/.pico-sdk/sdk/2.3.1/src/rp2_common/pico_clib_interface/newlib_interface.c.obj
                0x10004b64                runtime_init
 .text.stdio_out_chars_no_crlf
                0x10004b90       0x10 CMakeFiles/drybox_firmware.dir/C_/Users/mirac/.pico-sdk/sdk/2.3.1/src/rp2_common/pico_stdio/stdio.c.obj
 .text.stdio_out_chars_crlf
                0x10004ba0       0x90 CMakeFiles/drybox_firmware.dir/C_/Users/mirac/.pico-sdk/sdk/2.3.1/src/rp2_common/pico_stdio/stdio.c.obj
 .text.stdio_buffered_printer
                0x10004c30       0x58 CMakeFiles/drybox_firmware.dir/C_/Users/mirac/.pico-sdk/sdk/2.3.1/src/rp2_common/pico_stdio/stdio.c.obj
 .text.stdio_put_string
                0x10004c88       0xf4 CMakeFiles/drybox_firmware.dir/C_/Users/mirac/.pico-sdk/sdk/2.3.1/src/rp2_common/pico_stdio/stdio.c.obj
                0x10004c88                stdio_put_string
 .text.stdio_set_driver_enabled
                0x10004d7c       0x30 CMakeFiles/drybox_firmware.dir/C_/Users/mirac/.pico-sdk/sdk/2.3.1/src/rp2_common/pico_stdio/stdio.c.obj
                0x10004d7c                stdio_set_driver_enabled
 .text.stdio_init_all
                0x10004dac        0x8 CMakeFiles/drybox_firmware.dir/C_/Users/mirac/.pico-sdk/sdk/2.3.1/src/rp2_common/pico_stdio/stdio.c.obj
                0x10004dac                stdio_init_all
 .text.stdio_getchar_timeout_us
                0x10004db4       0x98 CMakeFiles/drybox_firmware.dir/C_/Users/mirac/.pico-sdk/sdk/2.3.1/src/rp2_common/pico_stdio/stdio.c.obj
                0x10004db4                stdio_getchar_timeout_us
 .text.__wrap_putchar
                0x10004e4c       0x94 CMakeFiles/drybox_firmware.dir/C_/Users/mirac/.pico-sdk/sdk/2.3.1/src/rp2_common/pico_stdio/stdio.c.obj
                0x10004e4c                __wrap_putchar
                0x10004e4c                stdio_putchar
 .text.__wrap_puts
                0x10004ee0       0x3c CMakeFiles/drybox_firmware.dir/C_/Users/mirac/.pico-sdk/sdk/2.3.1/src/rp2_common/pico_stdio/stdio.c.obj
                0x10004ee0                stdio_puts
                0x10004ee0                __wrap_puts
 .text.__wrap_vprintf
                0x10004f1c       0xc8 CMakeFiles/drybox_firmware.dir/C_/Users/mirac/.pico-sdk/sdk/2.3.1/src/rp2_common/pico_stdio/stdio.c.obj
                0x10004f1c                stdio_vprintf
                0x10004f1c                __wrap_vprintf
 .text.__wrap_printf
                0x10004fe4       0x18 CMakeFiles/drybox_firmware.dir/C_/Users/mirac/.pico-sdk/sdk/2.3.1/src/rp2_common/pico_stdio/stdio.c.obj
                0x10004fe4                __wrap_printf
                0x10004fe4                stdio_printf
 .text.stdio_usb_set_chars_available_callback
                0x10004ffc       0x14 CMakeFiles/drybox_firmware.dir/C_/Users/mirac/.pico-sdk/sdk/2.3.1/src/rp2_common/pico_stdio_usb/stdio_usb.c.obj
                0x10004ffc                stdio_usb_set_chars_available_callback
 .text.usb_irq  0x10005010       0x10 CMakeFiles/drybox_firmware.dir/C_/Users/mirac/.pico-sdk/sdk/2.3.1/src/rp2_common/pico_stdio_usb/stdio_usb.c.obj
 .text.timer_task
                0x10005020       0x64 CMakeFiles/drybox_firmware.dir/C_/Users/mirac/.pico-sdk/sdk/2.3.1/src/rp2_common/pico_stdio_usb/stdio_usb.c.obj
 .text.stdio_usb_in_chars
                0x10005084       0x8c CMakeFiles/drybox_firmware.dir/C_/Users/mirac/.pico-sdk/sdk/2.3.1/src/rp2_common/pico_stdio_usb/stdio_usb.c.obj
                0x10005084                stdio_usb_in_chars
 .text.stdio_usb_out_flush
                0x10005110       0x4c CMakeFiles/drybox_firmware.dir/C_/Users/mirac/.pico-sdk/sdk/2.3.1/src/rp2_common/pico_stdio_usb/stdio_usb.c.obj
 .text.stdio_usb_out_chars
                0x1000515c       0xf8 CMakeFiles/drybox_firmware.dir/C_/Users/mirac/.pico-sdk/sdk/2.3.1/src/rp2_common/pico_stdio_usb/stdio_usb.c.obj
 .text.low_priority_worker_irq
                0x10005254       0xc4 CMakeFiles/drybox_firmware.dir/C_/Users/mirac/.pico-sdk/sdk/2.3.1/src/rp2_common/pico_stdio_usb/stdio_usb.c.obj
 .text.stdio_usb_init
                0x10005318       0xe4 CMakeFiles/drybox_firmware.dir/C_/Users/mirac/.pico-sdk/sdk/2.3.1/src/rp2_common/pico_stdio_usb/stdio_usb.c.obj
                0x10005318                stdio_usb_init
 .text.stdio_usb_connected
                0x100053fc        0xc CMakeFiles/drybox_firmware.dir/C_/Users/mirac/.pico-sdk/sdk/2.3.1/src/rp2_common/pico_stdio_usb/stdio_usb.c.obj
                0x100053fc                stdio_usb_connected
 .text.tud_descriptor_device_cb
                0x10005408        0x8 CMakeFiles/drybox_firmware.dir/C_/Users/mirac/.pico-sdk/sdk/2.3.1/src/rp2_common/pico_stdio_usb/stdio_usb_descriptors.c.obj
                0x10005408                tud_descriptor_device_cb
 .text.tud_descriptor_configuration_cb
                0x10005410        0x8 CMakeFiles/drybox_firmware.dir/C_/Users/mirac/.pico-sdk/sdk/2.3.1/src/rp2_common/pico_stdio_usb/stdio_usb_descriptors.c.obj
                0x10005410                tud_descriptor_configuration_cb
 .text.tud_descriptor_string_cb
                0x10005418       0x70 CMakeFiles/drybox_firmware.dir/C_/Users/mirac/.pico-sdk/sdk/2.3.1/src/rp2_common/pico_stdio_usb/stdio_usb_descriptors.c.obj
                0x10005418                tud_descriptor_string_cb
 .text.startup._retrieve_unique_id_on_boot
                0x10005488       0x10 CMakeFiles/drybox_firmware.dir/C_/Users/mirac/.pico-sdk/sdk/2.3.1/src/rp2_common/pico_unique_id/unique_id.c.obj
 .text.pico_get_unique_board_id
                0x10005498       0x10 CMakeFiles/drybox_firmware.dir/C_/Users/mirac/.pico-sdk/sdk/2.3.1/src/rp2_common/pico_unique_id/unique_id.c.obj
                0x10005498                pico_get_unique_board_id
 .text.pico_get_unique_board_id_string
                0x100054a8      0x1e0 CMakeFiles/drybox_firmware.dir/C_/Users/mirac/.pico-sdk/sdk/2.3.1/src/rp2_common/pico_unique_id/unique_id.c.obj
                0x100054a8                pico_get_unique_board_id_string
 .text.flash_get_unique_id
                0x10005688       0x3c CMakeFiles/drybox_firmware.dir/C_/Users/mirac/.pico-sdk/sdk/2.3.1/src/rp2_common/hardware_flash/flash.c.obj
                0x10005688                flash_get_unique_id
 .text.usb_reset_interface_init
                0x100056c4        0x4 CMakeFiles/drybox_firmware.dir/C_/Users/mirac/.pico-sdk/sdk/2.3.1/src/rp2_common/pico_usb_reset/usb_reset.c.obj
                0x100056c4                usb_reset_interface_init
 .text.usb_reset_interface_reset
                0x100056c8        0xc CMakeFiles/drybox_firmware.dir/C_/Users/mirac/.pico-sdk/sdk/2.3.1/src/rp2_common/pico_usb_reset/usb_reset.c.obj
                0x100056c8                usb_reset_interface_reset
 .text.usb_reset_interface_open
                0x100056d4       0x28 CMakeFiles/drybox_firmware.dir/C_/Users/mirac/.pico-sdk/sdk/2.3.1/src/rp2_common/pico_usb_reset/usb_reset.c.obj
                0x100056d4                usb_reset_interface_open
 .text.usb_reset_interface_xfer_cb
                0x100056fc        0x4 CMakeFiles/drybox_firmware.dir/C_/Users/mirac/.pico-sdk/sdk/2.3.1/src/rp2_common/pico_usb_reset/usb_reset.c.obj
                0x100056fc                usb_reset_interface_xfer_cb
 .text.usb_reset_interface_control_xfer_cb
                0x10005700       0x60 CMakeFiles/drybox_firmware.dir/C_/Users/mirac/.pico-sdk/sdk/2.3.1/src/rp2_common/pico_usb_reset/usb_reset.c.obj
                0x10005700                usb_reset_interface_control_xfer_cb
 .text.tud_descriptor_bos_cb
                0x10005760        0x8 CMakeFiles/drybox_firmware.dir/C_/Users/mirac/.pico-sdk/sdk/2.3.1/src/rp2_common/pico_usb_reset/usb_reset.c.obj
                0x10005760                tud_descriptor_bos_cb
 .text.tud_vendor_control_xfer_cb
                0x10005768       0x38 CMakeFiles/drybox_firmware.dir/C_/Users/mirac/.pico-sdk/sdk/2.3.1/src/rp2_common/pico_usb_reset/usb_reset.c.obj
                0x10005768                tud_vendor_control_xfer_cb
 .text.usbd_app_driver_get_cb
                0x100057a0        0xc CMakeFiles/drybox_firmware.dir/C_/Users/mirac/.pico-sdk/sdk/2.3.1/src/rp2_common/pico_usb_reset/usb_reset.c.obj
                0x100057a0                usbd_app_driver_get_cb
 .text.tud_cdc_line_coding_cb
                0x100057ac       0x2c CMakeFiles/drybox_firmware.dir/C_/Users/mirac/.pico-sdk/sdk/2.3.1/src/rp2_common/pico_usb_reset/usb_reset.c.obj
                0x100057ac                tud_cdc_line_coding_cb
 .text.dcd_init
                0x100057d8       0x90 CMakeFiles/drybox_firmware.dir/C_/Users/mirac/.pico-sdk/sdk/2.3.1/lib/tinyusb/src/portable/raspberrypi/rp2040/dcd_rp2040.c.obj
                0x100057d8                dcd_init
 .text.dcd_int_enable
                0x10005868        0xc CMakeFiles/drybox_firmware.dir/C_/Users/mirac/.pico-sdk/sdk/2.3.1/lib/tinyusb/src/portable/raspberrypi/rp2040/dcd_rp2040.c.obj
                0x10005868                dcd_int_enable
 .text.dcd_set_address
                0x10005874       0x14 CMakeFiles/drybox_firmware.dir/C_/Users/mirac/.pico-sdk/sdk/2.3.1/lib/tinyusb/src/portable/raspberrypi/rp2040/dcd_rp2040.c.obj
                0x10005874                dcd_set_address
 .text.dcd_sof_enable
                0x10005888       0x1c CMakeFiles/drybox_firmware.dir/C_/Users/mirac/.pico-sdk/sdk/2.3.1/lib/tinyusb/src/portable/raspberrypi/rp2040/dcd_rp2040.c.obj
                0x10005888                dcd_sof_enable
 .text.dcd_edpt0_status_complete
                0x100058a4       0x1c CMakeFiles/drybox_firmware.dir/C_/Users/mirac/.pico-sdk/sdk/2.3.1/lib/tinyusb/src/portable/raspberrypi/rp2040/dcd_rp2040.c.obj
                0x100058a4                dcd_edpt0_status_complete
 .text.dcd_edpt_open
                0x100058c0       0xfc CMakeFiles/drybox_firmware.dir/C_/Users/mirac/.pico-sdk/sdk/2.3.1/lib/tinyusb/src/portable/raspberrypi/rp2040/dcd_rp2040.c.obj
                0x100058c0                dcd_edpt_open
 .text.dcd_edpt_close_all
                0x100059bc        0x8 CMakeFiles/drybox_firmware.dir/C_/Users/mirac/.pico-sdk/sdk/2.3.1/lib/tinyusb/src/portable/raspberrypi/rp2040/dcd_rp2040.c.obj
                0x100059bc                dcd_edpt_close_all
 .text.dcd_edpt_xfer
                0x100059c4       0x24 CMakeFiles/drybox_firmware.dir/C_/Users/mirac/.pico-sdk/sdk/2.3.1/lib/tinyusb/src/portable/raspberrypi/rp2040/dcd_rp2040.c.obj
                0x100059c4                dcd_edpt_xfer
 .text.dcd_edpt_stall
                0x100059e8       0x3c CMakeFiles/drybox_firmware.dir/C_/Users/mirac/.pico-sdk/sdk/2.3.1/lib/tinyusb/src/portable/raspberrypi/rp2040/dcd_rp2040.c.obj
                0x100059e8                dcd_edpt_stall
 .text.dcd_edpt_clear_stall
                0x10005a24       0x30 CMakeFiles/drybox_firmware.dir/C_/Users/mirac/.pico-sdk/sdk/2.3.1/lib/tinyusb/src/portable/raspberrypi/rp2040/dcd_rp2040.c.obj
                0x10005a24                dcd_edpt_clear_stall
 .text.rp2040_usb_init
                0x10005a54       0x40 CMakeFiles/drybox_firmware.dir/C_/Users/mirac/.pico-sdk/sdk/2.3.1/lib/tinyusb/src/portable/raspberrypi/rp2040/rp2040_usb.c.obj
                0x10005a54                rp2040_usb_init
 .text.hw_endpoint_xfer_start
                0x10005a94       0x40 CMakeFiles/drybox_firmware.dir/C_/Users/mirac/.pico-sdk/sdk/2.3.1/lib/tinyusb/src/portable/raspberrypi/rp2040/rp2040_usb.c.obj
                0x10005a94                hw_endpoint_xfer_start
 .text.tud_event_hook_cb
                0x10005ad4        0x4 CMakeFiles/drybox_firmware.dir/C_/Users/mirac/.pico-sdk/sdk/2.3.1/lib/tinyusb/src/device/usbd.c.obj
                0x10005ad4                tud_event_hook_cb
 .text.tud_sof_cb
                0x10005ad8        0x4 CMakeFiles/drybox_firmware.dir/C_/Users/mirac/.pico-sdk/sdk/2.3.1/lib/tinyusb/src/device/usbd.c.obj
                0x10005ad8                tud_sof_cb
 .text.tud_descriptor_device_qualifier_cb
                0x10005adc        0x4 CMakeFiles/drybox_firmware.dir/C_/Users/mirac/.pico-sdk/sdk/2.3.1/lib/tinyusb/src/device/usbd.c.obj
                0x10005adc                tud_descriptor_device_qualifier_cb
 .text.tud_descriptor_other_speed_configuration_cb
                0x10005ae0        0x4 CMakeFiles/drybox_firmware.dir/C_/Users/mirac/.pico-sdk/sdk/2.3.1/lib/tinyusb/src/device/usbd.c.obj
                0x10005ae0                tud_descriptor_other_speed_configuration_cb
 .text.tud_mount_cb
                0x10005ae4        0x4 CMakeFiles/drybox_firmware.dir/C_/Users/mirac/.pico-sdk/sdk/2.3.1/lib/tinyusb/src/device/usbd.c.obj
                0x10005ae4                tud_mount_cb
 .text.tud_umount_cb
                0x10005ae8        0x4 CMakeFiles/drybox_firmware.dir/C_/Users/mirac/.pico-sdk/sdk/2.3.1/lib/tinyusb/src/device/usbd.c.obj
                0x10005ae8                tud_umount_cb
 .text.tud_suspend_cb
                0x10005aec        0x4 CMakeFiles/drybox_firmware.dir/C_/Users/mirac/.pico-sdk/sdk/2.3.1/lib/tinyusb/src/device/usbd.c.obj
                0x10005aec                tud_suspend_cb
 .text.tud_resume_cb
                0x10005af0        0x4 CMakeFiles/drybox_firmware.dir/C_/Users/mirac/.pico-sdk/sdk/2.3.1/lib/tinyusb/src/device/usbd.c.obj
                0x10005af0                tud_resume_cb
 .text.tud_mounted
                0x10005af4       0x10 CMakeFiles/drybox_firmware.dir/C_/Users/mirac/.pico-sdk/sdk/2.3.1/lib/tinyusb/src/device/usbd.c.obj
                0x10005af4                tud_mounted
 .text.tud_suspended
                0x10005b04       0x10 CMakeFiles/drybox_firmware.dir/C_/Users/mirac/.pico-sdk/sdk/2.3.1/lib/tinyusb/src/device/usbd.c.obj
                0x10005b04                tud_suspended
 .text.tud_rhport_init
                0x10005b14       0xe8 CMakeFiles/drybox_firmware.dir/C_/Users/mirac/.pico-sdk/sdk/2.3.1/lib/tinyusb/src/device/usbd.c.obj
                0x10005b14                tud_rhport_init
 .text.tud_task_ext
                0x10005bfc      0x7d8 CMakeFiles/drybox_firmware.dir/C_/Users/mirac/.pico-sdk/sdk/2.3.1/lib/tinyusb/src/device/usbd.c.obj
                0x10005bfc                tud_task_ext
 .text.usbd_open_edpt_pair
                0x100063d4       0x98 CMakeFiles/drybox_firmware.dir/C_/Users/mirac/.pico-sdk/sdk/2.3.1/lib/tinyusb/src/device/usbd.c.obj
                0x100063d4                usbd_open_edpt_pair
 .text.usbd_edpt_open
                0x1000646c       0x34 CMakeFiles/drybox_firmware.dir/C_/Users/mirac/.pico-sdk/sdk/2.3.1/lib/tinyusb/src/device/usbd.c.obj
                0x1000646c                usbd_edpt_open
 .text.usbd_edpt_claim
                0x100064a0       0x28 CMakeFiles/drybox_firmware.dir/C_/Users/mirac/.pico-sdk/sdk/2.3.1/lib/tinyusb/src/device/usbd.c.obj
                0x100064a0                usbd_edpt_claim
 .text.usbd_edpt_release
                0x100064c8       0x28 CMakeFiles/drybox_firmware.dir/C_/Users/mirac/.pico-sdk/sdk/2.3.1/lib/tinyusb/src/device/usbd.c.obj
                0x100064c8                usbd_edpt_release
 .text.usbd_edpt_xfer
                0x100064f0       0x50 CMakeFiles/drybox_firmware.dir/C_/Users/mirac/.pico-sdk/sdk/2.3.1/lib/tinyusb/src/device/usbd.c.obj
                0x100064f0                usbd_edpt_xfer
 .text.tud_control_status
                0x10006540       0x2c CMakeFiles/drybox_firmware.dir/C_/Users/mirac/.pico-sdk/sdk/2.3.1/lib/tinyusb/src/device/usbd_control.c.obj
                0x10006540                tud_control_status
 .text.tud_control_xfer
                0x1000656c       0xa0 CMakeFiles/drybox_firmware.dir/C_/Users/mirac/.pico-sdk/sdk/2.3.1/lib/tinyusb/src/device/usbd_control.c.obj
                0x1000656c                tud_control_xfer
 .text.usbd_control_reset
                0x1000660c       0x14 CMakeFiles/drybox_firmware.dir/C_/Users/mirac/.pico-sdk/sdk/2.3.1/lib/tinyusb/src/device/usbd_control.c.obj
                0x1000660c                usbd_control_reset
 .text.usbd_control_set_complete_callback
                0x10006620        0xc CMakeFiles/drybox_firmware.dir/C_/Users/mirac/.pico-sdk/sdk/2.3.1/lib/tinyusb/src/device/usbd_control.c.obj
                0x10006620                usbd_control_set_complete_callback
 .text.usbd_control_set_request
                0x1000662c       0x1c CMakeFiles/drybox_firmware.dir/C_/Users/mirac/.pico-sdk/sdk/2.3.1/lib/tinyusb/src/device/usbd_control.c.obj
                0x1000662c                usbd_control_set_request
 .text.usbd_control_xfer_cb
                0x10006648       0xe8 CMakeFiles/drybox_firmware.dir/C_/Users/mirac/.pico-sdk/sdk/2.3.1/lib/tinyusb/src/device/usbd_control.c.obj
                0x10006648                usbd_control_xfer_cb
 .text._prep_out_transaction.isra.0
                0x10006730       0x6c CMakeFiles/drybox_firmware.dir/C_/Users/mirac/.pico-sdk/sdk/2.3.1/lib/tinyusb/src/class/cdc/cdc_device.c.obj
 .text.tud_cdc_n_connected
                0x1000679c       0x2c CMakeFiles/drybox_firmware.dir/C_/Users/mirac/.pico-sdk/sdk/2.3.1/lib/tinyusb/src/class/cdc/cdc_device.c.obj
                0x1000679c                tud_cdc_n_connected
 .text.tud_cdc_n_available
                0x100067c8       0x14 CMakeFiles/drybox_firmware.dir/C_/Users/mirac/.pico-sdk/sdk/2.3.1/lib/tinyusb/src/class/cdc/cdc_device.c.obj
                0x100067c8                tud_cdc_n_available
 .text.tud_cdc_n_read
                0x100067dc       0x88 CMakeFiles/drybox_firmware.dir/C_/Users/mirac/.pico-sdk/sdk/2.3.1/lib/tinyusb/src/class/cdc/cdc_device.c.obj
                0x100067dc                tud_cdc_n_read
 .text.tud_cdc_n_write_flush
                0x10006864       0x78 CMakeFiles/drybox_firmware.dir/C_/Users/mirac/.pico-sdk/sdk/2.3.1/lib/tinyusb/src/class/cdc/cdc_device.c.obj
                0x10006864                tud_cdc_n_write_flush
 .text.tud_cdc_n_write
                0x100068dc       0x40 CMakeFiles/drybox_firmware.dir/C_/Users/mirac/.pico-sdk/sdk/2.3.1/lib/tinyusb/src/class/cdc/cdc_device.c.obj
                0x100068dc                tud_cdc_n_write
 .text.tud_cdc_n_write_available
                0x1000691c       0x14 CMakeFiles/drybox_firmware.dir/C_/Users/mirac/.pico-sdk/sdk/2.3.1/lib/tinyusb/src/class/cdc/cdc_device.c.obj
                0x1000691c                tud_cdc_n_write_available
 .text.cdcd_init
                0x10006930       0x70 CMakeFiles/drybox_firmware.dir/C_/Users/mirac/.pico-sdk/sdk/2.3.1/lib/tinyusb/src/class/cdc/cdc_device.c.obj
                0x10006930                cdcd_init
 .text.cdcd_deinit
                0x100069a0       0x30 CMakeFiles/drybox_firmware.dir/C_/Users/mirac/.pico-sdk/sdk/2.3.1/lib/tinyusb/src/class/cdc/cdc_device.c.obj
                0x100069a0                cdcd_deinit
 .text.cdcd_reset
                0x100069d0       0x48 CMakeFiles/drybox_firmware.dir/C_/Users/mirac/.pico-sdk/sdk/2.3.1/lib/tinyusb/src/class/cdc/cdc_device.c.obj
                0x100069d0                cdcd_reset
 .text.cdcd_open
                0x10006a18       0xa8 CMakeFiles/drybox_firmware.dir/C_/Users/mirac/.pico-sdk/sdk/2.3.1/lib/tinyusb/src/class/cdc/cdc_device.c.obj
                0x10006a18                cdcd_open
 .text.cdcd_control_xfer_cb
                0x10006ac0       0xf0 CMakeFiles/drybox_firmware.dir/C_/Users/mirac/.pico-sdk/sdk/2.3.1/lib/tinyusb/src/class/cdc/cdc_device.c.obj
                0x10006ac0                cdcd_control_xfer_cb
 .text.cdcd_xfer_cb
                0x10006bb0       0xf8 CMakeFiles/drybox_firmware.dir/C_/Users/mirac/.pico-sdk/sdk/2.3.1/lib/tinyusb/src/class/cdc/cdc_device.c.obj
                0x10006bb0                cdcd_xfer_cb
 .text.tusb_rhport_init
                0x10006ca8       0x4c CMakeFiles/drybox_firmware.dir/C_/Users/mirac/.pico-sdk/sdk/2.3.1/lib/tinyusb/src/tusb.c.obj
                0x10006ca8                tusb_rhport_init
 .text.tu_edpt_claim
                0x10006cf4       0x50 CMakeFiles/drybox_firmware.dir/C_/Users/mirac/.pico-sdk/sdk/2.3.1/lib/tinyusb/src/tusb.c.obj
                0x10006cf4                tu_edpt_claim
 .text.tu_edpt_release
                0x10006d44       0x38 CMakeFiles/drybox_firmware.dir/C_/Users/mirac/.pico-sdk/sdk/2.3.1/lib/tinyusb/src/tusb.c.obj
                0x10006d44                tu_edpt_release
 .text.tu_edpt_validate
                0x10006d7c       0x74 CMakeFiles/drybox_firmware.dir/C_/Users/mirac/.pico-sdk/sdk/2.3.1/lib/tinyusb/src/tusb.c.obj
                0x10006d7c                tu_edpt_validate
 .text.tu_edpt_bind_driver
                0x10006df0       0x34 CMakeFiles/drybox_firmware.dir/C_/Users/mirac/.pico-sdk/sdk/2.3.1/lib/tinyusb/src/tusb.c.obj
                0x10006df0                tu_edpt_bind_driver
 .text.tu_fifo_config
                0x10006e24       0x6c CMakeFiles/drybox_firmware.dir/C_/Users/mirac/.pico-sdk/sdk/2.3.1/lib/tinyusb/src/common/tusb_fifo.c.obj
                0x10006e24                tu_fifo_config
 .text.tu_fifo_count
                0x10006e90       0x2c CMakeFiles/drybox_firmware.dir/C_/Users/mirac/.pico-sdk/sdk/2.3.1/lib/tinyusb/src/common/tusb_fifo.c.obj
                0x10006e90                tu_fifo_count
 .text.tu_fifo_empty
                0x10006ebc       0x10 CMakeFiles/drybox_firmware.dir/C_/Users/mirac/.pico-sdk/sdk/2.3.1/lib/tinyusb/src/common/tusb_fifo.c.obj
                0x10006ebc                tu_fifo_empty
 .text.tu_fifo_remaining
                0x10006ecc       0x2c CMakeFiles/drybox_firmware.dir/C_/Users/mirac/.pico-sdk/sdk/2.3.1/lib/tinyusb/src/common/tusb_fifo.c.obj
                0x10006ecc                tu_fifo_remaining
 .text.tu_fifo_read
                0x10006ef8       0x9c CMakeFiles/drybox_firmware.dir/C_/Users/mirac/.pico-sdk/sdk/2.3.1/lib/tinyusb/src/common/tusb_fifo.c.obj
                0x10006ef8                tu_fifo_read
 .text.tu_fifo_read_n
                0x10006f94       0xec CMakeFiles/drybox_firmware.dir/C_/Users/mirac/.pico-sdk/sdk/2.3.1/lib/tinyusb/src/common/tusb_fifo.c.obj
                0x10006f94                tu_fifo_read_n
 .text.tu_fifo_write
                0x10007080       0xa4 CMakeFiles/drybox_firmware.dir/C_/Users/mirac/.pico-sdk/sdk/2.3.1/lib/tinyusb/src/common/tusb_fifo.c.obj
                0x10007080                tu_fifo_write
 .text.tu_fifo_write_n
                0x10007124      0x168 CMakeFiles/drybox_firmware.dir/C_/Users/mirac/.pico-sdk/sdk/2.3.1/lib/tinyusb/src/common/tusb_fifo.c.obj
                0x10007124                tu_fifo_write_n
 .text.tu_fifo_clear
                0x1000728c       0x40 CMakeFiles/drybox_firmware.dir/C_/Users/mirac/.pico-sdk/sdk/2.3.1/lib/tinyusb/src/common/tusb_fifo.c.obj
                0x1000728c                tu_fifo_clear
 .text.tu_fifo_set_overwritable
                0x100072cc       0x48 CMakeFiles/drybox_firmware.dir/C_/Users/mirac/.pico-sdk/sdk/2.3.1/lib/tinyusb/src/common/tusb_fifo.c.obj
                0x100072cc                tu_fifo_set_overwritable
 .text.lwip_timeout_reached
                0x10007314        0x8 CMakeFiles/drybox_firmware.dir/C_/Users/mirac/.pico-sdk/sdk/2.3.1/src/rp2_common/pico_lwip/lwip_nosys.c.obj
 .text.update_next_timeout
                0x1000731c       0x5c CMakeFiles/drybox_firmware.dir/C_/Users/mirac/.pico-sdk/sdk/2.3.1/src/rp2_common/pico_lwip/lwip_nosys.c.obj
 .text.lwip_nosys_init
                0x10007378       0x30 CMakeFiles/drybox_firmware.dir/C_/Users/mirac/.pico-sdk/sdk/2.3.1/src/rp2_common/pico_lwip/lwip_nosys.c.obj
                0x10007378                lwip_nosys_init
 .text.lwip_nosys_deinit
                0x100073a8       0x20 CMakeFiles/drybox_firmware.dir/C_/Users/mirac/.pico-sdk/sdk/2.3.1/src/rp2_common/pico_lwip/lwip_nosys.c.obj
                0x100073a8                lwip_nosys_deinit
 .text.sys_arch_protect
                0x100073c8        0x4 CMakeFiles/drybox_firmware.dir/C_/Users/mirac/.pico-sdk/sdk/2.3.1/src/rp2_common/pico_lwip/lwip_nosys.c.obj
                0x100073c8                sys_arch_protect
 .text.sys_arch_unprotect
                0x100073cc        0x4 CMakeFiles/drybox_firmware.dir/C_/Users/mirac/.pico-sdk/sdk/2.3.1/src/rp2_common/pico_lwip/lwip_nosys.c.obj
                0x100073cc                sys_arch_unprotect
 .text.sys_now  0x100073d0       0x20 CMakeFiles/drybox_firmware.dir/C_/Users/mirac/.pico-sdk/sdk/2.3.1/src/rp2_common/pico_lwip/lwip_nosys.c.obj
                0x100073d0                sys_now
 .text.async_context_base_add_at_time_worker
                0x100073f0       0x28 CMakeFiles/drybox_firmware.dir/C_/Users/mirac/.pico-sdk/sdk/2.3.1/src/rp2_common/pico_async_context/async_context_base.c.obj
                0x100073f0                async_context_base_add_at_time_worker
 .text.async_context_base_remove_at_time_worker
                0x10007418       0x24 CMakeFiles/drybox_firmware.dir/C_/Users/mirac/.pico-sdk/sdk/2.3.1/src/rp2_common/pico_async_context/async_context_base.c.obj
                0x10007418                async_context_base_remove_at_time_worker
 .text.async_context_base_add_when_pending_worker
                0x1000743c       0x24 CMakeFiles/drybox_firmware.dir/C_/Users/mirac/.pico-sdk/sdk/2.3.1/src/rp2_common/pico_async_context/async_context_base.c.obj
                0x1000743c                async_context_base_add_when_pending_worker
 .text.async_context_base_remove_when_pending_worker
                0x10007460       0x24 CMakeFiles/drybox_firmware.dir/C_/Users/mirac/.pico-sdk/sdk/2.3.1/src/rp2_common/pico_async_context/async_context_base.c.obj
                0x10007460                async_context_base_remove_when_pending_worker
 .text.async_context_base_execute_once
                0x10007484      0x10c CMakeFiles/drybox_firmware.dir/C_/Users/mirac/.pico-sdk/sdk/2.3.1/src/rp2_common/pico_async_context/async_context_base.c.obj
                0x10007484                async_context_base_execute_once
 .text.splitmix64
                0x10007590       0x58 CMakeFiles/drybox_firmware.dir/C_/Users/mirac/.pico-sdk/sdk/2.3.1/src/rp2_common/pico_rand/rand.c.obj
 .text.xoroshiro128ss
                0x100075e8       0x8c CMakeFiles/drybox_firmware.dir/C_/Users/mirac/.pico-sdk/sdk/2.3.1/src/rp2_common/pico_rand/rand.c.obj
 .text.get_rand_64
                0x10007674      0x424 CMakeFiles/drybox_firmware.dir/C_/Users/mirac/.pico-sdk/sdk/2.3.1/src/rp2_common/pico_rand/rand.c.obj
                0x10007674                get_rand_64
 .text.get_rand_32
                0x10007a98        0x8 CMakeFiles/drybox_firmware.dir/C_/Users/mirac/.pico-sdk/sdk/2.3.1/src/rp2_common/pico_rand/rand.c.obj
                0x10007a98                get_rand_32
 .text.lwip_init
                0x10007aa0       0x28 CMakeFiles/drybox_firmware.dir/C_/Users/mirac/.pico-sdk/sdk/2.3.1/lib/lwip/src/core/init.c.obj
                0x10007aa0                lwip_init
 .text.lwip_htons
                0x10007ac8        0x8 CMakeFiles/drybox_firmware.dir/C_/Users/mirac/.pico-sdk/sdk/2.3.1/lib/lwip/src/core/def.c.obj
                0x10007ac8                lwip_htons
 .text.lwip_htonl
                0x10007ad0        0x4 CMakeFiles/drybox_firmware.dir/C_/Users/mirac/.pico-sdk/sdk/2.3.1/lib/lwip/src/core/def.c.obj
                0x10007ad0                lwip_htonl
 .text.lwip_strnicmp
                0x10007ad4       0x40 CMakeFiles/drybox_firmware.dir/C_/Users/mirac/.pico-sdk/sdk/2.3.1/lib/lwip/src/core/def.c.obj
                0x10007ad4                lwip_strnicmp
 .text.dns_call_found
                0x10007b14      0x1bc CMakeFiles/drybox_firmware.dir/C_/Users/mirac/.pico-sdk/sdk/2.3.1/lib/lwip/src/core/dns.c.obj
 .text.dns_send.isra.0
                0x10007cd0      0x164 CMakeFiles/drybox_firmware.dir/C_/Users/mirac/.pico-sdk/sdk/2.3.1/lib/lwip/src/core/dns.c.obj
 .text.dns_check_entry
                0x10007e34      0x10c CMakeFiles/drybox_firmware.dir/C_/Users/mirac/.pico-sdk/sdk/2.3.1/lib/lwip/src/core/dns.c.obj
 .text.dns_recv
                0x10007f40      0x370 CMakeFiles/drybox_firmware.dir/C_/Users/mirac/.pico-sdk/sdk/2.3.1/lib/lwip/src/core/dns.c.obj
 .text.dns_init
                0x100082b0        0x4 CMakeFiles/drybox_firmware.dir/C_/Users/mirac/.pico-sdk/sdk/2.3.1/lib/lwip/src/core/dns.c.obj
                0x100082b0                dns_init
 .text.dns_setserver
                0x100082b4       0x24 CMakeFiles/drybox_firmware.dir/C_/Users/mirac/.pico-sdk/sdk/2.3.1/lib/lwip/src/core/dns.c.obj
                0x100082b4                dns_setserver
 .text.dns_tmr  0x100082d8      0x118 CMakeFiles/drybox_firmware.dir/C_/Users/mirac/.pico-sdk/sdk/2.3.1/lib/lwip/src/core/dns.c.obj
                0x100082d8                dns_tmr
 .text.dns_gethostbyname_addrtype
                0x100083f0      0x60c CMakeFiles/drybox_firmware.dir/C_/Users/mirac/.pico-sdk/sdk/2.3.1/lib/lwip/src/core/dns.c.obj
                0x100083f0                dns_gethostbyname_addrtype
 .text.dns_gethostbyname
                0x100089fc       0x10 CMakeFiles/drybox_firmware.dir/C_/Users/mirac/.pico-sdk/sdk/2.3.1/lib/lwip/src/core/dns.c.obj
                0x100089fc                dns_gethostbyname
 .text.lwip_standard_chksum
                0x10008a0c       0xe8 CMakeFiles/drybox_firmware.dir/C_/Users/mirac/.pico-sdk/sdk/2.3.1/lib/lwip/src/core/inet_chksum.c.obj
                0x10008a0c                lwip_standard_chksum
 .text.inet_chksum_pseudo
                0x10008af4       0xb4 CMakeFiles/drybox_firmware.dir/C_/Users/mirac/.pico-sdk/sdk/2.3.1/lib/lwip/src/core/inet_chksum.c.obj
                0x10008af4                inet_chksum_pseudo
 .text.ip_chksum_pseudo
                0x10008ba8       0x10 CMakeFiles/drybox_firmware.dir/C_/Users/mirac/.pico-sdk/sdk/2.3.1/lib/lwip/src/core/inet_chksum.c.obj
                0x10008ba8                ip_chksum_pseudo
 .text.inet_chksum
                0x10008bb8        0xc CMakeFiles/drybox_firmware.dir/C_/Users/mirac/.pico-sdk/sdk/2.3.1/lib/lwip/src/core/inet_chksum.c.obj
                0x10008bb8                inet_chksum
 .text.inet_chksum_pbuf
                0x10008bc4       0x70 CMakeFiles/drybox_firmware.dir/C_/Users/mirac/.pico-sdk/sdk/2.3.1/lib/lwip/src/core/inet_chksum.c.obj
                0x10008bc4                inet_chksum_pbuf
 .text.mem_init
                0x10008c34       0x48 CMakeFiles/drybox_firmware.dir/C_/Users/mirac/.pico-sdk/sdk/2.3.1/lib/lwip/src/core/mem.c.obj
                0x10008c34                mem_init
 .text.mem_free
                0x10008c7c      0x148 CMakeFiles/drybox_firmware.dir/C_/Users/mirac/.pico-sdk/sdk/2.3.1/lib/lwip/src/core/mem.c.obj
                0x10008c7c                mem_free
 .text.mem_trim
                0x10008dc4      0x158 CMakeFiles/drybox_firmware.dir/C_/Users/mirac/.pico-sdk/sdk/2.3.1/lib/lwip/src/core/mem.c.obj
                0x10008dc4                mem_trim
 .text.mem_malloc